E/HttpOperation( 1652): 	at dci.q(PG:674)
E/HttpOperation( 1652): 	at fbh.a(PG:1132)
E/HttpOperation( 1652): 	at fbh.a(PG:925)
E/HttpOperation( 1652): 	at fbi.run(PG:526)
E/HttpOperation( 1652): 	at java.util.concurrent.Executors$RunnableAdapter.call(Executors.java:422)
E/HttpOperation( 1652): 	at java.util.concurrent.FutureTask.run(FutureTask.java:237)
E/HttpOperation( 1652): 	at java.util.concurrent.ThreadPoolExecutor.runWorker(ThreadPoolExecutor.java:1112)
E/HttpOperation( 1652): 	at java.util.concurrent.ThreadPoolExecutor$Worker.run(ThreadPoolExecutor.java:587)
E/HttpOperation( 1652): 	at java.lang.Thread.run(Thread.java:841)
E/HttpOperation( 1652): Caused by: android.accounts.AuthenticatorException: Cannot get Oauth2 token from GMS
E/HttpOperation( 1652): 	at gsp.a(PG:27)
E/HttpOperation( 1652): 	at jxw.a(PG:90)
E/HttpOperation( 1652): 	at jxz.a(PG:57)
E/HttpOperation( 1652): 	... 12 more
E/HttpOperation( 1652): Caused by: fvo: User intervention required. Notification has been pushed.
E/HttpOperation( 1652): 	at fvl.c(Unknown Source)
E/HttpOperation( 1652): 	at fvl.a(Unknown Source)
E/HttpOperation( 1652): 	at gsp.a(PG:24)
E/HttpOperation( 1652): 	... 14 more
E/EsAccountsData( 1652): [loadpeopleviewnotification] failed due to exception: java.io.IOException: Cannot obtain authentication token
E/EsAccountsData( 1652): java.io.IOException: Cannot obtain authentication token
E/EsAccountsData( 1652): 	at jxz.a(PG:60)
E/EsAccountsData( 1652): 	at jxj.o(PG:407)
E/EsAccountsData( 1652): 	at jxf.a(PG:29)
E/EsAccountsData( 1652): 	at jxj.i(PG:144)
E/EsAccountsData( 1652): 	at dci.q(PG:674)
E/EsAccountsData( 1652): 	at fbh.a(PG:1132)
E/EsAccountsData( 1652): 	at fbh.a(PG:925)
E/EsAccountsData( 1652): 	at fbi.run(PG:526)
E/EsAccountsData( 1652): 	at java.util.concurrent.Executors$RunnableAdapter.call(Executors.java:422)
E/EsAccountsData( 1652): 	at java.util.concurrent.FutureTask.run(FutureTask.java:237)
E/EsAccountsData( 1652): 	at java.util.concurrent.ThreadPoolExecutor.runWorker(ThreadPoolExecutor.java:1112)
E/EsAccountsData( 1652): 	at java.util.concurrent.ThreadPoolExecutor$Worker.run(ThreadPoolExecutor.java:587)
E/EsAccountsData( 1652): 	at java.lang.Thread.run(Thread.java:841)
E/EsAccountsData( 1652): Caused by: android.accounts.AuthenticatorException: Cannot get Oauth2 token from GMS
E/EsAccountsData( 1652): 	at gsp.a(PG:27)
E/EsAccountsData( 1652): 	at jxw.a(PG:90)
E/EsAccountsData( 1652): 	at jxz.a(PG:57)
E/EsAccountsData( 1652): 	... 12 more
E/EsAccountsData( 1652): Caused by: fvo: User intervention required. Notification has been pushed.
E/EsAccountsData( 1652): 	at fvl.c(Unknown Source)
E/EsAccountsData( 1652): 	at fvl.a(Unknown Source)
E/EsAccountsData( 1652): 	at gsp.a(PG:24)
E/EsAccountsData( 1652): 	... 14 more
I/GLSUser (  993): [GLSUser]  extracting token using key:Auth
W/GLSActivity(  993): gms.StatusHelper Status from wire: BadAuthentication status: BAD_AUTHENTICATION
I/GLSUser (  993): GLS error: BadAuthentication qa.kore@gmail.com oauth2:https://www.googleapis.com/auth/plus.me https://www.googleapis.com/auth/plus.stream.read https://www.googleapis.com/auth/plus.stream.write https://www.googleapis.com/auth/plus.circles.write https://www.googleapis.com/auth/plus.circles.read https://www.googleapis.com/auth/plus.photos.readwrite https://www.googleapis.com/auth/plus.native
V/GLSActivity(  993): AuthDelegateWrapperCreated with selected intent: Intent { cmp=com.google.android.gms/.auth.DefaultAuthDelegateService }
I/GLSActivity(  993): Use browser flow? false
D/dalvikvm(  993): GC_FOR_ALLOC freed 202K, 5% free 17966K/18772K, paused 10ms, total 11ms
D/dalvikvm(  993): GC_FOR_ALLOC freed 94K, 5% free 17955K/18772K, paused 13ms, total 13ms
E/HttpOperation( 1652): [getmobileexperiments] Unexpected exception
E/HttpOperation( 1652): java.io.IOException: Cannot obtain authentication token
E/HttpOperation( 1652): 	at jxz.a(PG:60)
E/HttpOperation( 1652): 	at jxj.o(PG:407)
E/HttpOperation( 1652): 	at jxf.a(PG:29)
E/HttpOperation( 1652): 	at jxj.i(PG:144)
E/HttpOperation( 1652): 	at ihn.a(PG:42)
E/HttpOperation( 1652): 	at iho.a(PG:92)
E/HttpOperation( 1652): 	at fbj.a(PG:59)
E/HttpOperation( 1652): 	at kxg.a(PG:85)
E/HttpOperation( 1652): 	at fbh.a(PG:1137)
E/HttpOperation( 1652): 	at fbh.a(PG:925)
E/HttpOperation( 1652): 	at fbi.run(PG:526)
E/HttpOperation( 1652): 	at java.util.concurrent.Executors$RunnableAdapter.call(Executors.java:422)
E/HttpOperation( 1652): 	at java.util.concurrent.FutureTask.run(FutureTask.java:237)
E/HttpOperation( 1652): 	at java.util.concurrent.ThreadPoolExecutor.runWorker(ThreadPoolExecutor.java:1112)
E/HttpOperation( 1652): 	at java.util.concurrent.ThreadPoolExecutor$Worker.run(ThreadPoolExecutor.java:587)
E/HttpOperation( 1652): 	at java.lang.Thread.run(Thread.java:841)
E/HttpOperation( 1652): Caused by: android.accounts.AuthenticatorException: Cannot get Oauth2 token from GMS
E/HttpOperation( 1652): 	at gsp.a(PG:27)
E/HttpOperation( 1652): 	at jxw.a(PG:90)
E/HttpOperation( 1652): 	at jxz.a(PG:57)
E/HttpOperation( 1652): 	... 15 more
E/HttpOperation( 1652): Caused by: fvo: User intervention required. Notification has been pushed.
E/HttpOperation( 1652): 	at fvl.c(Unknown Source)
E/HttpOperation( 1652): 	at fvl.a(Unknown Source)
E/HttpOperation( 1652): 	at gsp.a(PG:24)
E/HttpOperation( 1652): 	... 17 more
E/ExperimentLoader( 1652): [getmobileexperiments] failed due to exception: java.io.IOException: Cannot obtain authentication token
E/ExperimentLoader( 1652): java.io.IOException: Cannot obtain authentication token
E/ExperimentLoader( 1652): 	at jxz.a(PG:60)
E/ExperimentLoader( 1652): 	at jxj.o(PG:407)
E/ExperimentLoader( 1652): 	at jxf.a(PG:29)
E/ExperimentLoader( 1652): 	at jxj.i(PG:144)
E/ExperimentLoader( 1652): 	at ihn.a(PG:42)
E/ExperimentLoader( 1652): 	at iho.a(PG:92)
E/ExperimentLoader( 1652): 	at fbj.a(PG:59)
E/ExperimentLoader( 1652): 	at kxg.a(PG:85)
E/ExperimentLoader( 1652): 	at fbh.a(PG:1137)
E/ExperimentLoader( 1652): 	at fbh.a(PG:925)
E/ExperimentLoader( 1652): 	at fbi.run(PG:526)
E/ExperimentLoader( 1652): 	at java.util.concurrent.Executors$RunnableAdapter.call(Executors.java:422)
E/ExperimentLoader( 1652): 	at java.util.concurrent.FutureTask.run(FutureTask.java:237)
E/ExperimentLoader( 1652): 	at java.util.concurrent.ThreadPoolExecutor.runWorker(ThreadPoolExecutor.java:1112)
E/ExperimentLoader( 1652): 	at java.util.concurrent.ThreadPoolExecutor$Worker.run(ThreadPoolExecutor.java:587)
E/ExperimentLoader( 1652): 	at java.lang.Thread.run(Thread.java:841)
E/ExperimentLoader( 1652): Caused by: android.accounts.AuthenticatorException: Cannot get Oauth2 token from GMS
E/ExperimentLoader( 1652): 	at gsp.a(PG:27)
E/ExperimentLoader( 1652): 	at jxw.a(PG:90)
E/ExperimentLoader( 1652): 	at jxz.a(PG:57)
E/ExperimentLoader( 1652): 	... 15 more
E/ExperimentLoader( 1652): Caused by: fvo: User intervention required. Notification has been pushed.
E/ExperimentLoader( 1652): 	at fvl.c(Unknown Source)
E/ExperimentLoader( 1652): 	at fvl.a(Unknown Source)
E/ExperimentLoader( 1652): 	at gsp.a(PG:24)
E/ExperimentLoader( 1652): 	... 17 more
I/GLSUser (  993): [GLSUser]  extracting token using key:Auth
W/GLSActivity(  993): gms.StatusHelper Status from wire: BadAuthentication status: BAD_AUTHENTICATION
I/GLSUser (  993): GLS error: BadAuthentication qa.kore@gmail.com oauth2:https://www.googleapis.com/auth/plus.me https://www.googleapis.com/auth/plus.stream.read https://www.googleapis.com/auth/plus.stream.write https://www.googleapis.com/auth/plus.circles.write https://www.googleapis.com/auth/plus.circles.read https://www.googleapis.com/auth/plus.photos.readwrite https://www.googleapis.com/auth/plus.native
V/GLSActivity(  993): AuthDelegateWrapperCreated with selected intent: Intent { cmp=com.google.android.gms/.auth.DefaultAuthDelegateService }
I/GLSActivity(  993): Use browser flow? false
D/dalvikvm(  993): GC_FOR_ALLOC freed 202K, 5% free 17968K/18772K, paused 10ms, total 11ms
D/dalvikvm(  993): GC_FOR_ALLOC freed 94K, 5% free 17957K/18772K, paused 11ms, total 11ms
E/HttpOperation( 1652): [getmobilesettings] Unexpected exception
E/HttpOperation( 1652): java.io.IOException: Cannot obtain authentication token
E/HttpOperation( 1652): 	at jxz.a(PG:60)
E/HttpOperation( 1652): 	at jxj.o(PG:407)
E/HttpOperation( 1652): 	at jxf.a(PG:29)
E/HttpOperation( 1652): 	at irr.call(PG:346)
E/HttpOperation( 1652): 	at java.util.concurrent.FutureTask.run(FutureTask.java:237)
E/HttpOperation( 1652): 	at java.util.concurrent.ThreadPoolExecutor.runWorker(ThreadPoolExecutor.java:1112)
E/HttpOperation( 1652): 	at java.util.concurrent.ThreadPoolExecutor$Worker.run(ThreadPoolExecutor.java:587)
E/HttpOperation( 1652): 	at java.lang.Thread.run(Thread.java:841)
E/HttpOperation( 1652): Caused by: android.accounts.AuthenticatorException: Cannot get Oauth2 token from GMS
E/HttpOperation( 1652): 	at gsp.a(PG:27)
E/HttpOperation( 1652): 	at jxw.a(PG:90)
E/HttpOperation( 1652): 	at jxz.a(PG:57)
E/HttpOperation( 1652): 	... 7 more
E/HttpOperation( 1652): Caused by: fvo: User intervention required. Notification has been pushed.
E/HttpOperation( 1652): 	at fvl.c(Unknown Source)
E/HttpOperation( 1652): 	at fvl.a(Unknown Source)
E/HttpOperation( 1652): 	at gsp.a(PG:24)
E/HttpOperation( 1652): 	... 9 more
E/LoginManager( 1652): Login HTTP operation error
E/LoginManager( 1652): java.io.IOException: Rpc failed
E/LoginManager( 1652): 	at irr.call(PG:346)
E/LoginManager( 1652): 	at java.util.concurrent.FutureTask.run(FutureTask.java:237)
E/LoginManager( 1652): 	at java.util.concurrent.ThreadPoolExecutor.runWorker(ThreadPoolExecutor.java:1112)
E/LoginManager( 1652): 	at java.util.concurrent.ThreadPoolExecutor$Worker.run(ThreadPoolExecutor.java:587)
E/LoginManager( 1652): 	at java.lang.Thread.run(Thread.java:841)
E/LoginManager( 1652): Caused by: java.io.IOException: Cannot obtain authentication token
E/LoginManager( 1652): 	at jxz.a(PG:60)
E/LoginManager( 1652): 	at jxj.o(PG:407)
E/LoginManager( 1652): 	at jxf.a(PG:29)
E/LoginManager( 1652): 	... 5 more
E/LoginManager( 1652): Caused by: android.accounts.AuthenticatorException: Cannot get Oauth2 token from GMS
E/LoginManager( 1652): 	at gsp.a(PG:27)
E/LoginManager( 1652): 	at jxw.a(PG:90)
E/LoginManager( 1652): 	at jxz.a(PG:57)
E/LoginManager( 1652): 	... 7 more
E/LoginManager( 1652): Caused by: fvo: User intervention required. Notification has been pushed.
E/LoginManager( 1652): 	at fvl.c(Unknown Source)
E/LoginManager( 1652): 	at fvl.a(Unknown Source)
E/LoginManager( 1652): 	at gsp.a(PG:24)
E/LoginManager( 1652): 	... 9 more
D/SyncManager(  768): failed sync operation qa.kore@gmail.com u0 (com.google), com.google.android.apps.plus.content.EsProvider, PERIODIC, latestRunTime 22581569, reason: Periodic, SyncResult: stats [ numIoExceptions: 2]
E/WindowManager(  768): Starting window AppWindowToken{43404780 token=Token{42c53480 ActivityRecord{433c75f8 u0 com.kore.koreapp/.activities.KoreMainActivity t13}}} timed out
I/ActivityManager(  768): Start proc com.google.android.gallery3d for broadcast com.google.android.gallery3d/com.google.android.picasasync.BatteryReceiver: pid=5702 uid=10039 gids={50039, 3003, 1028, 1015}
D/dalvikvm( 4028): GC_EXPLICIT freed 2920K, 27% free 22789K/30868K, paused 9ms+3ms, total 62ms
D/dalvikvm( 5702): GC_CONCURRENT freed 295K, 2% free 16824K/17152K, paused 2ms+1ms, total 15ms
I/iu.Environment( 1151): update battery state; isPlugged? false*
I/GCoreUlr( 1214): Starting service, intent=Intent { act=com.google.android.location.reporting.ACTION_UPDATE_WORLD cmp=com.google.android.gms/com.google.android.location.reporting.service.DispatchingService (has extras) }, extras=Bundle[{receiverAction=android.intent.action.ACTION_POWER_DISCONNECTED}]
I/iu.UploadsManager( 1151): num queued entries: 0
I/iu.UploadsManager( 1151): num updated entries: 0
I/iu.SyncManager( 1151): NEXT; no task
I/GCoreUlr( 1214): WorldUpdater received intent Intent { act=com.google.android.location.reporting.ACTION_UPDATE_WORLD cmp=com.google.android.gms/com.google.android.location.reporting.service.DispatchingService (has extras) } with receiverAction android.intent.action.ACTION_POWER_DISCONNECTED
D/UploadsManager( 5702):    wifiOnlyPhoto changed to true
D/UploadsManager( 5702):    wifiOnlyVideo changed to true
D/UploadsManager( 5702):    syncOnBattery changed to true
I/ActivityManager(  768): Start proc com.android.chrome for broadcast com.android.chrome/com.google.android.apps.chrome.precache.PrecacheServiceLauncher: pid=5722 uid=10031 gids={50031, 3003, 1028, 1015}
D/PicasaSync( 5702): sync account database
D/dalvikvm( 4028): GC_EXPLICIT freed 123K, 27% free 22744K/30868K, paused 6ms+4ms, total 105ms
D/PicasaSync( 5702): accounts in DB=4
D/PicasaSyncManager( 5702): active network: NetworkInfo: type: WIFI[], state: CONNECTED/CONNECTED, reason: (unspecified), extra: "KORE-2", roaming: false, failover: false, isAvailable: true, isConnectedToProvisioningNetwork: false
D/PicasaSyncManager( 5702): background data: true
I/GCoreUlr( 1214): No GCM registration ID
D/dalvikvm( 5702): GC_CONCURRENT freed 184K, 2% free 17050K/17268K, paused 3ms+3ms, total 20ms
D/PicasaSyncManager( 5702): reject PrefetchAlbumCover (*****************) because auto sync is off
D/PicasaSyncManager( 5702): reject PrefetchAlbumCover (*****************) because auto sync is off
D/dalvikvm(  768): GC_CONCURRENT freed 5059K, 14% free 29548K/34344K, paused 3ms+8ms, total 59ms
D/dalvikvm(  768): WAIT_FOR_CONCURRENT_GC blocked 38ms
D/PicasaSyncManager( 5702): reject PrefetchAlbumCover (********************) because auto sync is off
D/PicasaSyncManager( 5702): reject PrefetchAlbumCover (********************) because auto sync is off
D/PicasaSyncManager( 5702): reject PrefetchScreenNail (*****************) because auto sync is off
D/PicasaSyncManager( 5702): reject PrefetchScreenNail (*****************) because auto sync is off
D/PicasaSyncManager( 5702): reject PrefetchScreenNail (********************) because auto sync is off
D/PicasaSyncManager( 5702): reject PrefetchScreenNail (********************) because auto sync is off
D/dalvikvm(  768): GC_EXPLICIT freed 417K, 15% free 29277K/34344K, paused 3ms+8ms, total 65ms
D/PicasaSyncManager( 5702): battery info: false
I/GCoreUlr( 1214): WorldUpdater: Ensuring that reporting is active for [account#0#]
I/GCoreUlr( 1214): Starting service, intent=Intent { act=com.google.android.location.reporting.ACTION_LOCATION_STATUS cmp=com.google.android.gms/com.google.android.location.reporting.service.DispatchingService (has extras) }, extras=Bundle[{status=LocationStatus[cell status: STATUS_UNKNOWN, wifi status: STATUS_UNKNOWN, elapsed realtime ns: 0]}]
W/IdleConnectionHandler( 4028): Removing a connection that never existed!
W/ActivityManager(  768): Activity destroy timeout for ActivityRecord{433c75f8 u0 com.kore.koreapp/.activities.KoreMainActivity t13 f}
I/GAV2    ( 5702): Thread[GAThread,5,main]: No campaign data found.
W/ActivityManager(  768): Timeout executing service: ServiceRecord{42dffb98 u0 com.kore.koreapp/.gcm.GeomonitoringService}
I/ActivityManager(  768): Crashing app skipping ANR: ProcessRecord{425ac630 5583:com.kore.koreapp/u0a354} Executing service com.kore.koreapp/.gcm.GeomonitoringService
D/dalvikvm(  857): GC_CONCURRENT freed 2542K, 42% free 24176K/41272K, paused 3ms+2ms, total 39ms
D/dalvikvm( 1214): GC_CONCURRENT freed 611K, 5% free 18899K/19864K, paused 6ms+2ms, total 34ms
I/EntropyMixer(  768): Writing entropy...
D/PicasaSyncManager( 5702): battery info: true
I/iu.Environment( 1151): update battery state; isPlugged? true*
I/GCoreUlr( 1214): Starting service, intent=Intent { act=com.google.android.location.reporting.ACTION_UPDATE_WORLD cmp=com.google.android.gms/com.google.android.location.reporting.service.DispatchingService (has extras) }, extras=Bundle[{receiverAction=android.intent.action.ACTION_POWER_CONNECTED}]
I/GCoreUlr( 1214): WorldUpdater received intent Intent { act=com.google.android.location.reporting.ACTION_UPDATE_WORLD cmp=com.google.android.gms/com.google.android.location.reporting.service.DispatchingService (has extras) } with receiverAction android.intent.action.ACTION_POWER_CONNECTED
I/iu.UploadsManager( 1151): num queued entries: 0
I/iu.UploadsManager( 1151): num updated entries: 0
I/iu.SyncManager( 1151): NEXT; no task
I/iu.FingerprintManager( 1151): Start processing all media
I/iu.FingerprintManager( 1151): Start processing media store URI: content://media/external/images/media
D/PicasaSyncManager( 5702): reject PrefetchAlbumCover (*****************) because auto sync is off
D/PicasaSyncManager( 5702): reject PrefetchAlbumCover (*****************) because auto sync is off
D/PicasaSyncManager( 5702): reject PrefetchAlbumCover (********************) because auto sync is off
D/PicasaSyncManager( 5702): reject PrefetchAlbumCover (********************) because auto sync is off
D/PicasaSyncManager( 5702): reject PrefetchScreenNail (*****************) because auto sync is off
D/PicasaSyncManager( 5702): reject PrefetchScreenNail (*****************) because auto sync is off
D/PicasaSyncManager( 5702): reject PrefetchScreenNail (********************) because auto sync is off
D/PicasaSyncManager( 5702): reject PrefetchScreenNail (********************) because auto sync is off
I/GCoreUlr( 1214): No GCM registration ID
D/dalvikvm( 1151): GC_CONCURRENT freed 865K, 5% free 19653K/20624K, paused 3ms+2ms, total 27ms
D/dalvikvm( 1151): WAIT_FOR_CONCURRENT_GC blocked 17ms
I/iu.FingerprintManager( 1151): Start processing media store URI: content://media/external/video/media
D/dalvikvm( 1151): GC_CONCURRENT freed 1235K, 7% free 19418K/20764K, paused 1ms+1ms, total 25ms
D/dalvikvm( 1151): WAIT_FOR_CONCURRENT_GC blocked 7ms
I/iu.FingerprintManager( 1151): Start processing media store URI: content://media/phoneStorage/images/media
I/iu.FingerprintManager( 1151): Start processing media store URI: content://media/phoneStorage/video/media
I/iu.FingerprintManager( 1151): Finished generating fingerprints; 0.189 seconds
I/iu.FingerprintManager( 1151):   numSeen=1979 numGenerated=0 numDeleted=0 numFailed=0
I/GCoreUlr( 1214): WorldUpdater: Ensuring that reporting is active for [account#0#]
I/GCoreUlr( 1214): Starting service, intent=Intent { act=com.google.android.location.reporting.ACTION_LOCATION_STATUS cmp=com.google.android.gms/com.google.android.location.reporting.service.DispatchingService (has extras) }, extras=Bundle[{status=LocationStatus[cell status: STATUS_UNKNOWN, wifi status: STATUS_UNKNOWN, elapsed realtime ns: 0]}]
D/MtpService( 1107): updating state; isCurrentUser=true, mMtpLocked=false
D/MtpService( 1107): addStorageLocked 65537 /storage/emulated/0
D/MtpService( 1107): updating state; isCurrentUser=true, mMtpLocked=false
D/MtpService( 1107): starting MTP server in MTP mode
D/MtpService( 1107): addStorageLocked 65537 /storage/emulated/0
D/dalvikvm(  993): GC_EXPLICIT freed 169K, 4% free 18025K/18772K, paused 1ms+3ms, total 24ms
D/dalvikvm(  768): GC_EXPLICIT freed 874K, 15% free 29343K/34344K, paused 1ms+11ms, total 102ms
I/GLSUser (  993): [GLSUser]  extracting token using key:Auth
W/GLSActivity(  993): gms.StatusHelper Status from wire: BadAuthentication status: BAD_AUTHENTICATION
I/GLSUser (  993): GLS error: BadAuthentication qa.kore@gmail.com oauth2:https://www.googleapis.com/auth/plus.me https://www.googleapis.com/auth/plus.stream.read https://www.googleapis.com/auth/plus.stream.write https://www.googleapis.com/auth/plus.circles.write https://www.googleapis.com/auth/plus.circles.read https://www.googleapis.com/auth/plus.photos.readwrite https://www.googleapis.com/auth/plus.native
V/GLSActivity(  993): AuthDelegateWrapperCreated with selected intent: Intent { cmp=com.google.android.gms/.auth.DefaultAuthDelegateService }
I/GLSActivity(  993): Use browser flow? false
D/dalvikvm(  993): GC_FOR_ALLOC freed 279K, 5% free 17982K/18772K, paused 17ms, total 17ms
E/HttpOperation( 1652): [jxy{fetchnotificationscount, fetchnotifications, fetchnotifications}] Unexpected exception
E/HttpOperation( 1652): java.io.IOException: Cannot obtain authentication token
E/HttpOperation( 1652): 	at jxz.a(PG:60)
E/HttpOperation( 1652): 	at jxj.o(PG:407)
E/HttpOperation( 1652): 	at jxf.a(PG:29)
E/HttpOperation( 1652): 	at jxj.i(PG:144)
E/HttpOperation( 1652): 	at dmk.a(PG:795)
E/HttpOperation( 1652): 	at fbh.a(PG:1126)
E/HttpOperation( 1652): 	at fbh.a(PG:925)
E/HttpOperation( 1652): 	at fbi.run(PG:526)
E/HttpOperation( 1652): 	at java.util.concurrent.Executors$RunnableAdapter.call(Executors.java:422)
E/HttpOperation( 1652): 	at java.util.concurrent.FutureTask.run(FutureTask.java:237)
E/HttpOperation( 1652): 	at java.util.concurrent.ThreadPoolExecutor.runWorker(ThreadPoolExecutor.java:1112)
E/HttpOperation( 1652): 	at java.util.concurrent.ThreadPoolExecutor$Worker.run(ThreadPoolExecutor.java:587)
E/HttpOperation( 1652): 	at java.lang.Thread.run(Thread.java:841)
E/HttpOperation( 1652): Caused by: android.accounts.AuthenticatorException: Cannot get Oauth2 token from GMS
E/HttpOperation( 1652): 	at gsp.a(PG:27)
E/HttpOperation( 1652): 	at jxw.a(PG:90)
E/HttpOperation( 1652): 	at jxz.a(PG:57)
E/HttpOperation( 1652): 	... 12 more
E/HttpOperation( 1652): Caused by: fvo: User intervention required. Notification has been pushed.
E/HttpOperation( 1652): 	at fvl.c(Unknown Source)
E/HttpOperation( 1652): 	at fvl.a(Unknown Source)
E/HttpOperation( 1652): 	at gsp.a(PG:24)
E/HttpOperation( 1652): 	... 14 more
I/GLSUser (  993): [GLSUser]  extracting token using key:Auth
W/GLSActivity(  993): gms.StatusHelper Status from wire: BadAuthentication status: BAD_AUTHENTICATION
I/GLSUser (  993): GLS error: BadAuthentication qa.kore@gmail.com oauth2:https://www.googleapis.com/auth/plus.me https://www.googleapis.com/auth/plus.stream.read https://www.googleapis.com/auth/plus.stream.write https://www.googleapis.com/auth/plus.circles.write https://www.googleapis.com/auth/plus.circles.read https://www.googleapis.com/auth/plus.photos.readwrite https://www.googleapis.com/auth/plus.native
V/GLSActivity(  993): AuthDelegateWrapperCreated with selected intent: Intent { cmp=com.google.android.gms/.auth.DefaultAuthDelegateService }
I/GLSActivity(  993): Use browser flow? false
D/dalvikvm(  993): GC_FOR_ALLOC freed 233K, 5% free 17965K/18772K, paused 13ms, total 14ms
D/dalvikvm(  993): GC_FOR_ALLOC freed 94K, 5% free 17954K/18772K, paused 11ms, total 11ms
E/HttpOperation( 1652): [loadpeopleviewnotification] Unexpected exception
E/HttpOperation( 1652): java.io.IOException: Cannot obtain authentication token
E/HttpOperation( 1652): 	at jxz.a(PG:60)
E/HttpOperation( 1652): 	at jxj.o(PG:407)
E/HttpOperation( 1652): 	at jxf.a(PG:29)
E/HttpOperation( 1652): 	at jxj.i(PG:144)
E/HttpOperation( 1652): 	at dci.q(PG:674)
E/HttpOperation( 1652): 	at fbh.a(PG:1132)
E/HttpOperation( 1652): 	at fbh.a(PG:925)
E/HttpOperation( 1652): 	at fbi.run(PG:526)
E/HttpOperation( 1652): 	at java.util.concurrent.Executors$RunnableAdapter.call(Executors.java:422)
E/HttpOperation( 1652): 	at java.util.concurrent.FutureTask.run(FutureTask.java:237)
E/HttpOperation( 1652): 	at java.util.concurrent.ThreadPoolExecutor.runWorker(ThreadPoolExecutor.java:1112)
E/HttpOperation( 1652): 	at java.util.concurrent.ThreadPoolExecutor$Worker.run(ThreadPoolExecutor.java:587)
E/HttpOperation( 1652): 	at java.lang.Thread.run(Thread.java:841)
E/HttpOperation( 1652): Caused by: android.accounts.AuthenticatorException: Cannot get Oauth2 token from GMS
E/HttpOperation( 1652): 	at gsp.a(PG:27)
E/HttpOperation( 1652): 	at jxw.a(PG:90)
E/HttpOperation( 1652): 	at jxz.a(PG:57)
E/HttpOperation( 1652): 	... 12 more
E/HttpOperation( 1652): Caused by: fvo: User intervention required. Notification has been pushed.
E/HttpOperation( 1652): 	at fvl.c(Unknown Source)
E/HttpOperation( 1652): 	at fvl.a(Unknown Source)
E/HttpOperation( 1652): 	at gsp.a(PG:24)
E/HttpOperation( 1652): 	... 14 more
E/EsAccountsData( 1652): [loadpeopleviewnotification] failed due to exception: java.io.IOException: Cannot obtain authentication token
E/EsAccountsData( 1652): java.io.IOException: Cannot obtain authentication token
E/EsAccountsData( 1652): 	at jxz.a(PG:60)
E/EsAccountsData( 1652): 	at jxj.o(PG:407)
E/EsAccountsData( 1652): 	at jxf.a(PG:29)
E/EsAccountsData( 1652): 	at jxj.i(PG:144)
E/EsAccountsData( 1652): 	at dci.q(PG:674)
E/EsAccountsData( 1652): 	at fbh.a(PG:1132)
E/EsAccountsData( 1652): 	at fbh.a(PG:925)
E/EsAccountsData( 1652): 	at fbi.run(PG:526)
E/EsAccountsData( 1652): 	at java.util.concurrent.Executors$RunnableAdapter.call(Executors.java:422)
E/EsAccountsData( 1652): 	at java.util.concurrent.FutureTask.run(FutureTask.java:237)
E/EsAccountsData( 1652): 	at java.util.concurrent.ThreadPoolExecutor.runWorker(ThreadPoolExecutor.java:1112)
E/EsAccountsData( 1652): 	at java.util.concurrent.ThreadPoolExecutor$Worker.run(ThreadPoolExecutor.java:587)
E/EsAccountsData( 1652): 	at java.lang.Thread.run(Thread.java:841)
E/EsAccountsData( 1652): Caused by: android.accounts.AuthenticatorException: Cannot get Oauth2 token from GMS
E/EsAccountsData( 1652): 	at gsp.a(PG:27)
E/EsAccountsData( 1652): 	at jxw.a(PG:90)
E/EsAccountsData( 1652): 	at jxz.a(PG:57)
E/EsAccountsData( 1652): 	... 12 more
E/EsAccountsData( 1652): Caused by: fvo: User intervention required. Notification has been pushed.
E/EsAccountsData( 1652): 	at fvl.c(Unknown Source)
E/EsAccountsData( 1652): 	at fvl.a(Unknown Source)
E/EsAccountsData( 1652): 	at gsp.a(PG:24)
E/EsAccountsData( 1652): 	... 14 more
I/GLSUser (  993): [GLSUser]  extracting token using key:Auth
W/GLSActivity(  993): gms.StatusHelper Status from wire: BadAuthentication status: BAD_AUTHENTICATION
I/GLSUser (  993): GLS error: BadAuthentication qa.kore@gmail.com oauth2:https://www.googleapis.com/auth/plus.me https://www.googleapis.com/auth/plus.stream.read https://www.googleapis.com/auth/plus.stream.write https://www.googleapis.com/auth/plus.circles.write https://www.googleapis.com/auth/plus.circles.read https://www.googleapis.com/auth/plus.photos.readwrite https://www.googleapis.com/auth/plus.native
V/GLSActivity(  993): AuthDelegateWrapperCreated with selected intent: Intent { cmp=com.google.android.gms/.auth.DefaultAuthDelegateService }
I/GLSActivity(  993): Use browser flow? false
D/dalvikvm(  993): GC_FOR_ALLOC freed 202K, 5% free 17968K/18772K, paused 10ms, total 10ms
D/dalvikvm(  993): GC_FOR_ALLOC freed 94K, 5% free 17957K/18772K, paused 10ms, total 11ms
E/HttpOperation( 1652): [getmobileexperiments] Unexpected exception
E/HttpOperation( 1652): java.io.IOException: Cannot obtain authentication token
E/HttpOperation( 1652): 	at jxz.a(PG:60)
E/HttpOperation( 1652): 	at jxj.o(PG:407)
E/HttpOperation( 1652): 	at jxf.a(PG:29)
E/HttpOperation( 1652): 	at jxj.i(PG:144)
E/HttpOperation( 1652): 	at ihn.a(PG:42)
E/HttpOperation( 1652): 	at iho.a(PG:92)
E/HttpOperation( 1652): 	at fbj.a(PG:59)
E/HttpOperation( 1652): 	at kxg.a(PG:85)
E/HttpOperation( 1652): 	at fbh.a(PG:1137)
E/HttpOperation( 1652): 	at fbh.a(PG:925)
E/HttpOperation( 1652): 	at fbi.run(PG:526)
E/HttpOperation( 1652): 	at java.util.concurrent.Executors$RunnableAdapter.call(Executors.java:422)
E/HttpOperation( 1652): 	at java.util.concurrent.FutureTask.run(FutureTask.java:237)
E/HttpOperation( 1652): 	at java.util.concurrent.ThreadPoolExecutor.runWorker(ThreadPoolExecutor.java:1112)
E/HttpOperation( 1652): 	at java.util.concurrent.ThreadPoolExecutor$Worker.run(ThreadPoolExecutor.java:587)
E/HttpOperation( 1652): 	at java.lang.Thread.run(Thread.java:841)
E/HttpOperation( 1652): Caused by: android.accounts.AuthenticatorException: Cannot get Oauth2 token from GMS
E/HttpOperation( 1652): 	at gsp.a(PG:27)
E/HttpOperation( 1652): 	at jxw.a(PG:90)
E/HttpOperation( 1652): 	at jxz.a(PG:57)
E/HttpOperation( 1652): 	... 15 more
E/HttpOperation( 1652): Caused by: fvo: User intervention required. Notification has been pushed.
E/HttpOperation( 1652): 	at fvl.c(Unknown Source)
E/HttpOperation( 1652): 	at fvl.a(Unknown Source)
E/HttpOperation( 1652): 	at gsp.a(PG:24)
E/HttpOperation( 1652): 	... 17 more
E/ExperimentLoader( 1652): [getmobileexperiments] failed due to exception: java.io.IOException: Cannot obtain authentication token
E/ExperimentLoader( 1652): java.io.IOException: Cannot obtain authentication token
E/ExperimentLoader( 1652): 	at jxz.a(PG:60)
E/ExperimentLoader( 1652): 	at jxj.o(PG:407)
E/ExperimentLoader( 1652): 	at jxf.a(PG:29)
E/ExperimentLoader( 1652): 	at jxj.i(PG:144)
E/ExperimentLoader( 1652): 	at ihn.a(PG:42)
E/ExperimentLoader( 1652): 	at iho.a(PG:92)
E/ExperimentLoader( 1652): 	at fbj.a(PG:59)
E/ExperimentLoader( 1652): 	at kxg.a(PG:85)
E/ExperimentLoader( 1652): 	at fbh.a(PG:1137)
E/ExperimentLoader( 1652): 	at fbh.a(PG:925)
E/ExperimentLoader( 1652): 	at fbi.run(PG:526)
E/ExperimentLoader( 1652): 	at java.util.concurrent.Executors$RunnableAdapter.call(Executors.java:422)
E/ExperimentLoader( 1652): 	at java.util.concurrent.FutureTask.run(FutureTask.java:237)
E/ExperimentLoader( 1652): 	at java.util.concurrent.ThreadPoolExecutor.runWorker(ThreadPoolExecutor.java:1112)
E/ExperimentLoader( 1652): 	at java.util.concurrent.ThreadPoolExecutor$Worker.run(ThreadPoolExecutor.java:587)
E/ExperimentLoader( 1652): 	at java.lang.Thread.run(Thread.java:841)
E/ExperimentLoader( 1652): Caused by: android.accounts.AuthenticatorException: Cannot get Oauth2 token from GMS
E/ExperimentLoader( 1652): 	at gsp.a(PG:27)
E/ExperimentLoader( 1652): 	at jxw.a(PG:90)
E/ExperimentLoader( 1652): 	at jxz.a(PG:57)
E/ExperimentLoader( 1652): 	... 15 more
E/ExperimentLoader( 1652): Caused by: fvo: User intervention required. Notification has been pushed.
E/ExperimentLoader( 1652): 	at fvl.c(Unknown Source)
E/ExperimentLoader( 1652): 	at fvl.a(Unknown Source)
E/ExperimentLoader( 1652): 	at gsp.a(PG:24)
E/ExperimentLoader( 1652): 	... 17 more
I/GLSUser (  993): [GLSUser]  extracting token using key:Auth
W/GLSActivity(  993): gms.StatusHelper Status from wire: BadAuthentication status: BAD_AUTHENTICATION
I/GLSUser (  993): GLS error: BadAuthentication qa.kore@gmail.com oauth2:https://www.googleapis.com/auth/plus.me https://www.googleapis.com/auth/plus.stream.read https://www.googleapis.com/auth/plus.stream.write https://www.googleapis.com/auth/plus.circles.write https://www.googleapis.com/auth/plus.circles.read https://www.googleapis.com/auth/plus.photos.readwrite https://www.googleapis.com/auth/plus.native
V/GLSActivity(  993): AuthDelegateWrapperCreated with selected intent: Intent { cmp=com.google.android.gms/.auth.DefaultAuthDelegateService }
I/GLSActivity(  993): Use browser flow? false
D/dalvikvm(  993): GC_FOR_ALLOC freed 202K, 5% free 17971K/18772K, paused 14ms, total 14ms
D/dalvikvm(  993): GC_FOR_ALLOC freed 94K, 5% free 17960K/18772K, paused 11ms, total 11ms
E/HttpOperation( 1652): [getmobilesettings] Unexpected exception
E/HttpOperation( 1652): java.io.IOException: Cannot obtain authentication token
E/HttpOperation( 1652): 	at jxz.a(PG:60)
E/HttpOperation( 1652): 	at jxj.o(PG:407)
E/HttpOperation( 1652): 	at jxf.a(PG:29)
E/HttpOperation( 1652): 	at irr.call(PG:346)
E/HttpOperation( 1652): 	at java.util.concurrent.FutureTask.run(FutureTask.java:237)
E/HttpOperation( 1652): 	at java.util.concurrent.ThreadPoolExecutor.runWorker(ThreadPoolExecutor.java:1112)
E/HttpOperation( 1652): 	at java.util.concurrent.ThreadPoolExecutor$Worker.run(ThreadPoolExecutor.java:587)
E/HttpOperation( 1652): 	at java.lang.Thread.run(Thread.java:841)
E/HttpOperation( 1652): Caused by: android.accounts.AuthenticatorException: Cannot get Oauth2 token from GMS
E/HttpOperation( 1652): 	at gsp.a(PG:27)
E/HttpOperation( 1652): 	at jxw.a(PG:90)
E/HttpOperation( 1652): 	at jxz.a(PG:57)
E/HttpOperation( 1652): 	... 7 more
E/HttpOperation( 1652): Caused by: fvo: User intervention required. Notification has been pushed.
E/HttpOperation( 1652): 	at fvl.c(Unknown Source)
E/HttpOperation( 1652): 	at fvl.a(Unknown Source)
E/HttpOperation( 1652): 	at gsp.a(PG:24)
E/HttpOperation( 1652): 	... 9 more
E/LoginManager( 1652): Login HTTP operation error
E/LoginManager( 1652): java.io.IOException: Rpc failed
E/LoginManager( 1652): 	at irr.call(PG:346)
E/LoginManager( 1652): 	at java.util.concurrent.FutureTask.run(FutureTask.java:237)
E/LoginManager( 1652): 	at java.util.concurrent.ThreadPoolExecutor.runWorker(ThreadPoolExecutor.java:1112)
E/LoginManager( 1652): 	at java.util.concurrent.ThreadPoolExecutor$Worker.run(ThreadPoolExecutor.java:587)
E/LoginManager( 1652): 	at java.lang.Thread.run(Thread.java:841)
E/LoginManager( 1652): Caused by: java.io.IOException: Cannot obtain authentication token
E/LoginManager( 1652): 	at jxz.a(PG:60)
E/LoginManager( 1652): 	at jxj.o(PG:407)
E/LoginManager( 1652): 	at jxf.a(PG:29)
E/LoginManager( 1652): 	... 5 more
E/LoginManager( 1652): Caused by: android.accounts.AuthenticatorException: Cannot get Oauth2 token from GMS
E/LoginManager( 1652): 	at gsp.a(PG:27)
E/LoginManager( 1652): 	at jxw.a(PG:90)
E/LoginManager( 1652): 	at jxz.a(PG:57)
E/LoginManager( 1652): 	... 7 more
E/LoginManager( 1652): Caused by: fvo: User intervention required. Notification has been pushed.
E/LoginManager( 1652): 	at fvl.c(Unknown Source)
E/LoginManager( 1652): 	at fvl.a(Unknown Source)
E/LoginManager( 1652): 	at gsp.a(PG:24)
E/LoginManager( 1652): 	... 9 more
D/SyncManager(  768): failed sync operation qa.kore@gmail.com u0 (com.google), com.google.android.apps.plus.content.EsProvider, PERIODIC, latestRunTime 22645532, reason: Periodic, SyncResult: stats [ numIoExceptions: 2]
D/dalvikvm( 2363): GC_FOR_ALLOC freed 297K, 3% free 17113K/17640K, paused 18ms, total 18ms
D/KInfoc  ( 2363): clear batch timer
D/KInfoc  ( 2363): set batch timer
D/KInfoc  ( 2363):  BATCH REPORTER STARTED ........
D/ConnectivityService(  768): Sampling interval elapsed, updating statistics ..
D/ConnectivityService(  768): Done.
D/ConnectivityService(  768): Setting timer for 720seconds
D/GCM     (  993): Message class com.google.e.a.a.h
D/dalvikvm( 1652): JIT code cache reset in 1 ms (1535896 bytes 1/0)
D/dalvikvm( 1652): GC_CONCURRENT freed 8217K, 20% free 50279K/62600K, paused 2ms+9ms, total 59ms
D/dalvikvm( 1652): WAIT_FOR_CONCURRENT_GC blocked 47ms
D/ConnectivityService(  768): handleInetConditionHoldEnd: net=1, condition=100, published condition=100
I/Process ( 5583): Sending signal. PID: 5583 SIG: 9
I/ActivityManager(  768): Killing 2865:com.google.android.gm/u0a41 (adj 15): empty for 1800s
D/audio_hw_primary(  183): select_devices: out_snd_device(2: speaker) in_snd_device(0: )
V/SearchControllerCache( 1361): creating SearchController
W/Binder  (  966): Caught a RuntimeException from the binder stub implementation.
W/Binder  (  966): java.lang.NullPointerException
W/Binder  (  966): 	at android.inputmethodservice.IInputMethodWrapper.setSessionEnabled(IInputMethodWrapper.java:280)
W/Binder  (  966): 	at com.android.internal.view.IInputMethod$Stub.onTransact(IInputMethod.java:129)
W/Binder  (  966): 	at android.os.Binder.execTransact(Binder.java:404)
W/Binder  (  966): 	at dalvik.system.NativeStart.run(Native Method)
W/InputMethodManagerService(  768): Got RemoteException sending setActive(false) notification to pid 30053 uid 10354
I/ActivityManager(  768): Process com.kore.koreapp (pid 5583) has died.
D/dalvikvm( 1361): GC_FOR_ALLOC freed 355K, 5% free 18658K/19600K, paused 25ms, total 26ms
I/dalvikvm-heap( 1361): Grow heap (frag case) to 18.619MB for 320016-byte allocation
D/dalvikvm( 1361): GC_FOR_ALLOC freed <1K, 5% free 18971K/19916K, paused 21ms, total 21ms
D/audio_hw_primary(  183): select_devices: out_snd_device(0: ) in_snd_device(35: voice-rec-mic)
D/        (  183): Failed to fetch the lookup information of the device 0000003E 
E/ACDB-LOADER(  183): Error: ACDB AudProc vol returned = -19
I/SearchController( 1361): #onHotwordDetectorStarted
I/GCM     (  993): GCM message com.kore.koreapp 0:1427282929231858%d1344b20f9fd7ecd
D/dalvikvm( 6016): Late-enabling CheckJNI
I/ActivityManager(  768): Start proc com.kore.koreapp for broadcast com.kore.koreapp/.gcm.GcmBroadcastReceiver: pid=6016 uid=10354 gids={50354, 3003, 1028, 1015}
I/GCM     (  993): GCM message com.kore.koreapp 0:1427282929287390%d1344b20f9fd7ecd
I/GCM     (  993): GCM message com.kore.koreapp 0:1427282929267594%d1344b20f9fd7ecd
I/GCM     (  993): GCM message com.kore.koreapp 0:1427282929308672%d1344b20f9fd7ecd
I/GCM     (  993): GCM message com.kore.koreapp 0:1427282929383974%d1344b20f9fd7ecd
I/MultiDex( 6016): VM with version 1.6.0 does not have multidex support
I/MultiDex( 6016): install
I/MultiDex( 6016): MultiDexExtractor.load(/data/app/com.kore.koreapp-1.apk, false)
I/MultiDex( 6016): loading existing secondary dex files
I/MultiDex( 6016): load found 1 secondary dex files
I/MultiDex( 6016): install done
D/KoreApplication( 6016): On Create of app called
D/dalvikvm(  768): GC_CONCURRENT freed 3070K, 15% free 29375K/34344K, paused 2ms+3ms, total 74ms
D/com.kore.koreapp.application.KoreAppControl( 6016): App Launchcom.kore.koreapp.application.KoreApplication
D/dalvikvm( 6016): GC_FOR_ALLOC freed 394K, 3% free 16810K/17236K, paused 10ms, total 10ms
D/KorePolicyTriggerManager( 6016): Starting timer evaluation
D/dalvikvm( 6016): GC_FOR_ALLOC freed 454K, 3% free 16870K/17356K, paused 8ms, total 9ms
D/KorePolicyTriggerManager( 6016): Starting timer evaluation
D/dalvikvm( 6016): GC_FOR_ALLOC freed 313K, 2% free 17071K/17416K, paused 14ms, total 14ms
D/KorePolicyTriggerManager( 6016): Starting timer evaluation
D/ConnectivityService(  768): handleInetConditionHoldEnd: net=1, condition=100, published condition=100
D/dalvikvm( 6016): GC_FOR_ALLOC freed 460K, 3% free 17124K/17616K, paused 8ms, total 8ms
D/GeomonitoringService( 6016): onCreate of GeomonitoringService called
D/GeomonitoringService( 6016): onStartCommand of GeomonitoringService called
D//SpiceManager.java:212( 6016): 16:58:43.334 main SpiceManager started.
V//SpiceManager.java:1183( 6016): 16:58:43.336 SpiceManagerThread 0 Binding to service.
V//SpiceManager.java:1189( 6016): 16:58:43.340 SpiceManagerThread 0 Binding to service succeeded.
D//SpiceManager.java:1236( 6016): 16:58:43.340 SpiceManagerThread 0 Waiting for service to be bound.
D/Location updates( 6016): connected to location client
D//SpiceService.java:127( 6016): 16:58:43.389 main SpiceService instance created.
V//SpiceService.java:442( 6016): 16:58:43.407 main Pending requests : 0
V//SpiceService.java:444( 6016): 16:58:43.410 main Stop foreground
D//SpiceServiceListenerNotifier.java:33( 6016): 16:58:43.419 main Message Queue starting
D//SpiceManager.java:1086( 6016): 16:58:43.420 main Bound to service : KoreRestService
D/dalvikvm( 1214): GC_CONCURRENT freed 638K, 5% free 18904K/19864K, paused 2ms+2ms, total 27ms
I/GCM     (  993): GCM message com.kore.koreapp 0:1427282929742631%d1344b20f9fd7ecd
D//SpiceManager.java:1243( 6016): 16:58:43.460 SpiceManagerThread 0 Bound ok.
D/dalvikvm( 6016): GC_FOR_ALLOC freed 379K, 3% free 17257K/17668K, paused 8ms, total 8ms
D/dalvikvm( 6016): GC_FOR_ALLOC freed 478K, 3% free 17287K/17800K, paused 9ms, total 9ms
D/dalvikvm( 6016): GC_FOR_ALLOC freed 478K, 3% free 17319K/17832K, paused 15ms, total 15ms
D/GcmNotificationHandler( 6016): data Message fetchPost()com.kore.koreapp.gcm.GcmIntentService$CustomData@4260a648
D//SpiceManager.java:483( 6016): 16:58:43.739 IntentService[GcmIntentService] adding request to request queue
D//SpiceManager.java:281( 6016): 16:58:43.740 SpiceManagerThread 0 Sending request to service : CachedSpiceRequest
D//RequestProcessor.java:66( 6016): 16:58:43.744 SpiceManagerThread 0 Adding request to queue 1113679224: CachedSpiceRequest [requestCacheKey=null, cacheDuration=0, spiceRequest=com.kore.koreapp.net.KoreGetPostRequest@425d1aa0] size is 0
D//RequestProcessor.java:85( 6016): 16:58:43.744 SpiceManagerThread 0 Adding entry for type class com.kore.koreapp.net.KoreRestResponse$PostsList and cacheKey null.
D//RequestProgressManager.java:61( 6016): 16:58:43.745 SpiceManagerThread 0 Request was added to queue.
D//SpiceServiceListenerNotifier.java:146( 6016): 16:58:43.746 SpiceManagerThread 0 Message queue is Handler (android.os.Handler) {42633e38}
D//RequestProgressManager.java:82( 6016): 16:58:43.747 SpiceManagerThread 0 Sending progress PENDING
D//SpiceServiceListenerNotifier.java:146( 6016): 16:58:43.748 SpiceManagerThread 0 Message queue is Handler (android.os.Handler) {42633e38}
D//SpiceServiceListenerNotifier.java:175( 6016): 16:58:43.747 main Processing request added: CachedSpiceRequest [requestCacheKey=null, cacheDuration=0, spiceRequest=com.kore.koreapp.net.KoreGetPostRequest@425d1aa0]
V//SpiceService.java:442( 6016): 16:58:43.749 SpiceManagerThread 0 Pending requests : 1
D//DefaultRequestRunner.java:83( 6016): 16:58:43.750 Thread-485 Processing request : CachedSpiceRequest [requestCacheKey=null, cacheDuration=0, spiceRequest=com.kore.koreapp.net.KoreGetPostRequest@425d1aa0]
V//DefaultRequestListenerNotifier.java:131( 6016): 16:58:43.749 main Notifying 1 listeners of progress com.octo.android.robospice.request.listener.RequestProgress@425d1b10
V//SpiceService.java:444( 6016): 16:58:43.751 SpiceManagerThread 0 Stop foreground
D//DefaultRequestRunner.java:129( 6016): 16:58:43.751 Thread-485 Cache content not available or expired or disabled
D//DefaultRequestRunner.java:147( 6016): 16:58:43.754 Thread-485 Calling netwok request.
D//RequestProgressManager.java:82( 6016): 16:58:43.755 Thread-485 Sending progress LOADING_FROM_NETWORK
D//SpiceServiceListenerNotifier.java:146( 6016): 16:58:43.756 Thread-485 Message queue is Handler (android.os.Handler) {42633e38}
V//DefaultRequestListenerNotifier.java:131( 6016): 16:58:43.757 main Notifying 1 listeners of progress com.octo.android.robospice.request.listener.RequestProgress@4262a150
D/Retrofit( 6016): ---> HTTP GET http://qa1.kore.com/api/teams/54b64c5c296480751a6e32bd/topics/i-94754966-b002-5bfb-b8a1-9809e7b23b50/posts/p-55e68287-6c1f-5472-a191-a0e5d9882bca
D/Retrofit( 6016): Authorization: bearer 2854408833424
D/Retrofit( 6016): ---> END HTTP (0-byte body)
D/dalvikvm( 6016): GC_FOR_ALLOC freed 285K, 3% free 17422K/17832K, paused 9ms, total 10ms
D/ConnectivityService(  768): handleInetConditionHoldEnd: net=1, condition=100, published condition=100
D/Retrofit( 6016): <--- HTTP 200 http://qa1.kore.com/api/teams/54b64c5c296480751a6e32bd/topics/i-94754966-b002-5bfb-b8a1-9809e7b23b50/posts/p-55e68287-6c1f-5472-a191-a0e5d9882bca (1737ms)
D/Retrofit( 6016): : HTTP/1.1 200 OK
D/Retrofit( 6016): Connection: keep-alive
D/Retrofit( 6016): Content-Type: application/json; charset=utf-8
D/Retrofit( 6016): Date: Wed, 25 Mar 2015 11:28:52 GMT
D/Retrofit( 6016): OkHttp-Received-Millis: 1427282925472
D/Retrofit( 6016): OkHttp-Response-Source: NETWORK 200
D/Retrofit( 6016): OkHttp-Sent-Millis: 1427282924748
D/Retrofit( 6016): server: KoreServer/6c99fa0
D/Retrofit( 6016): set-cookie: uid=fwAAAVUSm/RjM2LUAx+fAg==; expires=Wed, 25-Mar-15 11:33:52 GMT; path=/
D/Retrofit( 6016): x-powered-by: TrainingWheels
D/Retrofit( 6016): X-Request-Start: 1427282932.725
D/Retrofit( 6016): X-Response-Time: 0.068
D/Retrofit( 6016): [{"postId":"p-55e68287-6c1f-5472-a191-a0e5d9882bca","postType":"default","author":{"_id":"u-c493f0d0-1362-5891-8620-04f48ee75cc9","accountInfo":{"profImage":"profile.png","activationStatus":"active","workinghours":{"workdays":"","workstart":"9:00 AM","workend":"6:30 PM"},"profColour":"#D01F43","orgID":"o-b30656ae-9be9-5fa2-9181-065f7de34be9","jTitle":"Software Engineer","emailId":"phanindra.surapaneni@kore.com"},"personalInfo":{"firstName":"Phanindra","lastName":"Surapaneni","timeZone":"0"},"id":"u-c493f0d0-1362-5891-8620-04f48ee75cc9","accountId":"53ba6e985c8f7dd64e9ee5ad","emailId":"phanindra.surapaneni@kore.com","iD":{"eId":{"v":"phanindra.surapaneni@kore.com"}},"activationStatus":"active","firstName":"Phanindra","lastName":"Surapaneni","jTitle":"Software Engineer","orgId":"o-b30656ae-9be9-5fa2-9181-065f7de34be9","profImage":"profile.png","profColour":"#D01F43"},"parentId":"i-94754966-b002-5bfb-b8a1-9809e7b23b50","namespaceId":"i-94754966-b002-5bfb-b8a1-9809e7b23b50","commentCount":0,"like":false,"isPostedAsTeam":false,"components":[{"componentId":"text","componentType":"text","componentBody":"Hi "}],"location":{"bounds":[]},"lastModified":"2015-03-25T11:28:47.934Z","lastModifiedBy":"u-c493f0d0-1362-5891-8620-04f48ee75cc9","createdOn":"2015-03-25T11:28:47.934Z","state":0,"teamId":"54b64c5c296480751a6e32bd","actionCount":0,"likesCount":0,"isFollowing":false,"_resolve":["author","mentions"]}]
D/Retrofit( 6016): <--- END HTTP (1416-byte body)
D/dalvikvm( 6016): GC_FOR_ALLOC freed 317K, 2% free 17615K/17968K, paused 10ms, total 11ms
D/dalvikvm( 6016): GC_FOR_ALLOC freed 488K, 3% free 17637K/18160K, paused 11ms, total 11ms
D/dalvikvm( 6016): GC_FOR_ALLOC freed 474K, 3% free 17674K/18184K, paused 12ms, total 12ms
D/TAG     ( 6016): persisting the posts
D/KorePolicyTriggerManager( 6016): Starting timer evaluation
D//Def