D/MobileDataStateTracker(  768): fota: Broadcast received: android.intent.action.ANY_DATA_STATE apnType=fota
D/MobileDataStateTracker(  768): fota: Received state=DISCONNECTED, old=DISCONNECTED, reason=roamingOff
D/MobileDataStateTracker(  768): dun: Broadcast received: android.intent.action.ANY_DATA_STATE apnType=dun
D/MobileDataStateTracker(  768): dun: Received state=DISCONNECTED, old=DISCONNECTED, reason=roamingOff
D/MobileDataStateTracker(  768): ia: Broadcast received: android.intent.action.ANY_DATA_STATE apnType=ia
D/MobileDataStateTracker(  768): ia: Received state=DISCONNECTED, old=DISCONNECTED, reason=roamingOff
D/MobileDataStateTracker(  768): supl: Broadcast received: android.intent.action.ANY_DATA_STATE apnType=supl
D/MobileDataStateTracker(  768): supl: Received state=DISCONNECTED, old=DISCONNECTED, reason=roamingOff
D/MobileDataStateTracker(  768): hipri: Broadcast received: android.intent.action.ANY_DATA_STATE apnType=hipri
D/MobileDataStateTracker(  768): hipri: Received state=DISCONNECTED, old=DISCONNECTED, reason=roamingOff
D/MobileDataStateTracker(  768): ims: Broadcast received: android.intent.action.ANY_DATA_STATE apnType=ims
D/MobileDataStateTracker(  768): ims: Received state=DISCONNECTED, old=DISCONNECTED, reason=roamingOff
D/MobileDataStateTracker(  768): default: Broadcast received: android.intent.action.ANY_DATA_STATE apnType=default
D/MobileDataStateTracker(  768): default: Received state=DISCONNECTED, old=DISCONNECTED, reason=roamingOff
D/MobileDataStateTracker(  768): mms: Broadcast received: android.intent.action.ANY_DATA_STATE apnType=mms
D/MobileDataStateTracker(  768): mms: Received state=DISCONNECTED, old=DISCONNECTED, reason=roamingOff
D/MobileDataStateTracker(  768): cbs: Broadcast received: android.intent.action.ANY_DATA_STATE apnType=cbs
D/MobileDataStateTracker(  768): cbs: Received state=DISCONNECTED, old=DISCONNECTED, reason=roamingOff
I/ActivityManager(  768): Start proc com.google.process.location for on-hold: pid=1214 uid=10007 gids={50007, 3003, 1007, 1028, 1015, 3002, 3001, 3007, 2001, 3006}
V/BackupManagerService(  768): Connected to transport ComponentInfo{com.google.android.backuptransport/com.google.android.backup.BackupTransportService}
V/BackupManagerService(  768): Registering transport com.google.android.backuptransport/com.google.android.backup.BackupTransportService::com.google.android.backup/.BackupTransportService = com.android.internal.backup.IBackupTransport$Stub$Proxy@42c2a9a0
I/ActivityManager(  768): Start proc com.google.android.gms.ui for broadcast com.google.android.gms/com.google.android.location.network.LocationProviderChangeReceiver: pid=1284 uid=10007 gids={50007, 3003, 1007, 1028, 1015, 3002, 3001, 3007, 2001, 3006}
I/ActivityManager(  768): Start proc com.google.android.gms.wearable for service com.google.android.gms/.wearable.service.WearableService: pid=1330 uid=10007 gids={50007, 3003, 1007, 1028, 1015, 3002, 3001, 3007, 2001, 3006}
I/ActivityManager(  768): Start proc com.google.android.googlequicksearchbox:search for service com.google.android.googlequicksearchbox/com.google.android.sidekick.main.remoteservice.GoogleNowRemoteService: pid=1361 uid=10019 gids={50019, 3003, 1028, 3002, 1015}
I/ActivityManager(  768): Start proc com.google.android.apps.magazines for broadcast com.google.android.apps.magazines/com.google.apps.dots.android.newsstand.audio.MediaButtonIntentReceiver: pid=1384 uid=10056 gids={50056, 3003, 1028, 1015}
I/ActivityManager(  768): Start proc com.google.android.partnersetup for content provider com.google.android.partnersetup/.RlzAppProvider: pid=1399 uid=10011 gids={50011, 3003}
I/ActivityManager(  768): Start proc com.android.providers.calendar for content provider com.android.providers.calendar/.CalendarProvider2: pid=1460 uid=10001 gids={50001, 3003, 1028, 1015}
W/AlarmManager(  768): Window length 9223372036854775807ms suspiciously long; limiting to 1 hour
W/AlarmManager(  768): Window length 9223372036854775807ms suspiciously long; limiting to 1 hour
I/ActivityManager(  768): Start proc com.google.android.dialer for broadcast com.google.android.dialer/com.android.dialer.calllog.CallLogReceiver: pid=1531 uid=10008 gids={50008, 3003, 1028, 1015}
D/ConnectivityService(  768): Captive portal check NetworkInfo: type: WIFI[], state: CONNECTING/CAPTIVE_PORTAL_CHECK, reason: (unspecified), extra: "KORE-2", roaming: false, failover: false, isAvailable: true, isConnectedToProvisioningNetwork: false
D/ConnectivityService(  768): handleCaptivePortalTrackerCheck: call captivePortalCheckComplete ni=NetworkInfo: type: WIFI[], state: CONNECTING/CAPTIVE_PORTAL_CHECK, reason: (unspecified), extra: "KORE-2", roaming: false, failover: false, isAvailable: true, isConnectedToProvisioningNetwork: false
D/ConnectivityService(  768): ConnectivityChange for WIFI: CONNECTED/CONNECTED
E/ConnectivityService(  768): Unexpected mtu value: android.net.wifi.WifiStateTracker@429ca770
D/Nat464Xlat(  768): requiresClat: netType=1, hasIPv4Address=true
W/ContextImpl(  768): Calling a method in the system process without a qualified user: android.app.ContextImpl.bindService:1543 android.bluetooth.BluetoothHeadset.doBind:283 android.bluetooth.BluetoothHeadset.<init>:276 android.bluetooth.BluetoothAdapter.getProfileProxy:1181 android.media.AudioService.getBluetoothHeadset:2245 
W/ContextImpl(  768): Calling a method in the system process without a qualified user: android.app.ContextImpl.bindService:1543 android.bluetooth.BluetoothA2dp.doBind:165 android.bluetooth.BluetoothA2dp.<init>:158 android.bluetooth.BluetoothAdapter.getProfileProxy:1184 android.media.AudioService$AudioServiceBroadcastReceiver.onReceive:4166 
V/WiredAccessoryManager(  768): notifyWiredAccessoryChanged: when=0 bits= mask=14
V/WiredAccessoryManager(  768): newName=h2w newState=0 headsetState=0 prev headsetState=0
V/WiredAccessoryManager(  768): init()
I/PowerManagerService(  768): Boot animation finished.
I/ActivityManager(  768): Start proc com.google.android.configupdater for broadcast com.google.android.configupdater/.CertPin.CertPinUpdateRequestReceiver: pid=1564 uid=10002 gids={50002, 3003, 2001}
I/BootReceiver(  768): Copying audit failures to DropBox
I/BootReceiver(  768): Checking for fsck errors
I/ActivityManager(  768): Start proc com.google.android.onetimeinitializer for broadcast com.google.android.onetimeinitializer/.OneTimeInitializerReceiver: pid=1611 uid=10010 gids={50010}
I/ActivityManager(  768): Delay finish: com.google.android.onetimeinitializer/.OneTimeInitializerReceiver
I/ActivityManager(  768): Resuming delayed broadcast
I/ActivityManager(  768): Delay finish: com.google.android.partnersetup/.GooglePartnerSetup
I/ActivityManager(  768): Config changes=1 {1.0 404mcc?mnc en_US ldltr sw360dp w360dp h567dp 480dpi nrml port finger -keyb/v/h -nav/h s.5}
I/ActivityManager(  768): Start proc com.google.android.apps.plus for service com.google.android.apps.plus/com.google.android.apps.photos.service.GooglePhotoDownsyncService: pid=1652 uid=10063 gids={50063, 3003, 3002, 1028, 1015}
I/ActivityManager(  768): Resuming delayed broadcast
I/ActivityManager(  768): Start proc com.google.android.apps.books for service com.google.android.apps.books/.service.SyncService: pid=1664 uid=10025 gids={50025, 3003, 1028, 1015}
I/ActivityManager(  768): Delay finish: com.google.android.partnersetup/.RlzPingBroadcastReceiver
I/WindowManager(  768): Screen frozen for +668ms due to AppWindowToken{42add458 token=Token{42bbc528 ActivityRecord{42bbc2b0 u0 com.google.android.googlequicksearchbox/com.google.android.launcher.GEL t1}}}
I/ActivityManager(  768): Start proc com.android.chrome for service com.android.chrome/com.google.android.apps.chrome.sync.ChromeBrowserSyncAdapterService: pid=1691 uid=10031 gids={50031, 3003, 1028, 1015}
I/ActivityManager(  768): Resuming delayed broadcast
D/ConnectivityService(  768): handleConnectivityChange: addresses changed linkProperty[1]: resetMask=0
D/ConnectivityService(  768):    car=removed=[] added=[fe80::4a59:29ff:fef4:f047/64,]
D/Nat464Xlat(  768): requiresClat: netType=1, hasIPv4Address=true
I/ActivityManager(  768): Start proc com.google.android.calendar for broadcast com.google.android.calendar/com.android.calendar.alerts.AlertReceiver: pid=1726 uid=10028 gids={50028, 3003}
I/ActivityManager(  768): Delay finish: com.google.android.calendar/com.android.calendar.alerts.AlertReceiver
I/ActivityManager(  768): Start proc com.google.android.gms.unstable for service com.google.android.gms/.droidguard.DroidGuardService: pid=1842 uid=10007 gids={50007, 3003, 1007, 1028, 1015, 3002, 3001, 3007, 2001, 3006}
W/ActivityThread( 1151): ClassLoader.loadClass: The class loader returned by Thread.getContextClassLoader() may fail for processes that host multiple applications. You should explicitly specify a context class loader. For example: Thread.setContextClassLoader(getClass().getClassLoader());
I/ActivityManager(  768): Start proc com.google.android.gallery3d for service com.google.android.gallery3d/com.google.android.picasasync.PicasaSyncService: pid=1909 uid=10039 gids={50039, 3003, 1028, 1015}
I/ActivityManager(  768): Start proc com.google.android.gm for service com.google.android.gm/.provider.MailSyncAdapterService: pid=1942 uid=10041 gids={50041, 3003, 1028, 1015}
I/ActivityManager(  768): Resuming delayed broadcast
I/ActivityManager(  768): Start proc com.android.cellbroadcastreceiver for broadcast com.android.cellbroadcastreceiver/.CellBroadcastReceiver: pid=1954 uid=10029 gids={50029}
I/ActivityManager(  768): Start proc com.google.android.deskclock for broadcast com.google.android.deskclock/com.android.deskclock.AlarmInitReceiver: pid=1968 uid=10033 gids={50033, 1028}
D/ActivityThread( 1942): Loading provider com.android.gmail.ui: com.google.android.gm.provider.GmailProvider
D/ActivityThread( 1942): Loading provider com.google.android.gmail.provider;com.android.mail.notifier;com.google.android.gm.email.provider;com.google.android.gm.email.notifier: com.android.email.provider.EmailProvider
I/ActivityManager(  768): Start proc com.google.android.email for broadcast com.google.android.email/com.android.email.service.EmailBroadcastReceiver: pid=1989 uid=10036 gids={50036, 3003, 1028, 1015}
I/ActivityManager(  768): Killing 1384:com.google.android.apps.magazines/u0a56 (adj 15): empty #17
W/ActivityManager(  768): Unable to start service Intent { act=com.google.android.gm.email.EXCHANGE_INTENT pkg=com.google.android.gm.exchange } U=0: not found
W/ActivityManager(  768): Unable to start service Intent { act=com.google.android.gm.email.EXCHANGE_INTENT pkg=com.google.android.gm.exchange } U=0: not found
D/ActivityThread( 1942): Loading provider com.google.android.gmail.provider;com.android.mail.notifier;com.google.android.gm.email.provider;com.google.android.gm.email.notifier: com.android.email.provider.EmailProvider
D/ActivityThread( 1942): Loading provider com.google.android.gmail.provider;com.android.mail.notifier;com.google.android.gm.email.provider;com.google.android.gm.email.notifier: com.android.email.provider.EmailProvider
W/ActivityManager(  768): Unable to start service Intent { act=com.google.android.gm.email.EXCHANGE_INTENT pkg=com.google.android.gm.exchange } U=0: not found
W/ActivityManager(  768): Unable to start service Intent { act=com.google.android.gm.email.EXCHANGE_INTENT pkg=com.google.android.gm.exchange } U=0: not found
W/ActivityManager(  768): Unable to start service Intent { cmp=com.google.android.gm/com.android.email.service.AttachmentService } U=0: not found
W/ActivityManager(  768): Unable to start service Intent { cmp=com.google.android.gm/com.android.email.service.AttachmentService } U=0: not found
D/ActivityThread( 1989): Loading provider com.google.android.email.provider;com.google.android.email.notifier: com.android.email.provider.EmailProvider
W/ActivityManager(  768): Unable to start service Intent { cmp=com.google.android.gm/com.android.email.service.AttachmentService } U=0: not found
W/ActivityManager(  768): Unable to start service Intent { act=com.google.android.gm.email.EXCHANGE_INTENT pkg=com.google.android.gm.exchange } U=0: not found
D/ActivityThread( 1989): Loading provider com.google.android.email.provider;com.google.android.email.notifier: com.android.email.provider.EmailProvider
W/ActivityManager(  768): Unable to start service Intent { act=com.google.android.gm.email.EXCHANGE_INTENT pkg=com.google.android.gm.exchange } U=0: not found
D/ActivityThread( 1989): Loading provider com.google.android.email.provider;com.google.android.email.notifier: com.android.email.provider.EmailProvider
W/ActivityManager(  768): Unable to start service Intent { cmp=com.google.android.gm/com.android.email.service.AttachmentService } U=0: not found
I/ActivityManager(  768): Delay finish: com.google.android.email/com.android.email.service.EmailBroadcastReceiver
W/ActivityManager(  768): Unable to start service Intent { act=com.google.android.gm.email.EXCHANGE_INTENT pkg=com.google.android.gm.exchange } U=0: not found
W/ActivityManager(  768): Unable to start service Intent { act=com.google.android.gm.email.EXCHANGE_INTENT pkg=com.google.android.gm.exchange } U=0: not found
W/ActivityManager(  768): Unable to start service Intent { act=com.google.android.gm.email.EXCHANGE_INTENT pkg=com.google.android.gm.exchange } U=0: not found
W/ActivityManager(  768): Unable to start service Intent { cmp=com.google.android.email/com.android.email.service.AttachmentDownloadService } U=0: not found
W/ActivityManager(  768): Unable to start service Intent { cmp=com.google.android.email/com.android.email.service.AttachmentDownloadService } U=0: not found
W/ActivityManager(  768): Unable to start service Intent { cmp=com.google.android.email/com.android.email.service.AttachmentDownloadService } U=0: not found
W/ActivityManager(  768): Unable to start service Intent { cmp=com.google.android.email/com.android.email.service.AttachmentDownloadService } U=0: not found
I/ActivityManager(  768): Delaying start of: ServiceRecord{42befac0 u0 com.google.android.exchange/com.android.exchange.service.EmailSyncAdapterService}
I/ActivityManager(  768): Start proc com.google.android.exchange for service com.google.android.exchange/com.android.exchange.service.EmailSyncAdapterService: pid=2025 uid=10037 gids={50037, 3003, 1028, 1015}
I/ActivityManager(  768): Killing 1284:com.google.android.gms.ui/u0a7 (adj 15): empty #17
I/ActivityManager(  768): Resuming delayed broadcast
I/ActivityManager(  768): Start proc com.google.android.apps.genie.geniewidget for broadcast com.google.android.apps.genie.geniewidget/.miniwidget.MiniWidgetProvider: pid=2046 uid=10040 gids={50040, 3003, 1028, 1015}
I/ActivityManager(  768): Killing 886:com.android.settings/1000 (adj 15): empty #17
I/ActivityManager(  768): Killing 1531:com.google.android.dialer/u0a8 (adj 15): empty #17
I/ActivityManager(  768): Delay finish: com.google.android.keep/.notification.AlertReceiver
I/ActivityManager(  768): Resuming delayed broadcast
I/ActivityManager(  768): Start proc com.lge.SprintHiddenMenu for broadcast com.lge.SprintHiddenMenu/.sprintspec.data.UaproflieSettingReceiver: pid=2067 uid=1000 gids={41000, 1028, 1015, 3002, 3001, 3003}
I/ActivityManager(  768): Killing 1564:com.google.android.configupdater/u0a2 (adj 15): empty #17
I/ActivityManager(  768): Start proc com.qualcomm.qcrilmsgtunnel for broadcast com.qualcomm.qcrilmsgtunnel/.QcrilMsgTunnelAutoboot: pid=2081 uid=1001 gids={41001, 3002, 3001, 3003, 2001, 1028, 1015}
I/PowerManagerService(  768): Going to sleep due to screen timeout...
I/ActivityManager(  768): Start proc com.google.android.talk for broadcast com.google.android.talk/com.google.android.apps.hangouts.service.BootReceiver: pid=2095 uid=10051 gids={50051, 3003, 1028, 1015, 3002}
I/PackageManager(  768): Adding preferred activity ComponentInfo{com.google.android.talk/com.google.android.apps.hangouts.phone.BabelHomeActivity} for user 0 :
I/PackageManager(  768): Adding preferred activity ComponentInfo{com.google.android.talk/com.google.android.apps.hangouts.phone.BabelHomeActivity} for user 0 :
I/PackageManager(  768): Adding preferred activity ComponentInfo{com.google.android.talk/com.google.android.apps.hangouts.phone.BabelHomeActivity} for user 0 :
I/PackageManager(  768): Adding preferred activity ComponentInfo{com.google.android.talk/com.google.android.apps.hangouts.phone.BabelHomeActivity} for user 0 :
I/PackageManager(  768): Adding preferred activity ComponentInfo{com.google.android.talk/com.google.android.apps.hangouts.phone.BabelHomeActivity} for user 0 :
I/PackageManager(  768): Adding preferred activity ComponentInfo{com.google.android.talk/com.google.android.apps.hangouts.phone.BabelHomeActivity} for user 0 :
I/PackageManager(  768): Adding preferred activity ComponentInfo{com.google.android.talk/com.google.android.apps.hangouts.phone.BabelHomeActivity} for user 0 :
I/PackageManager(  768): Adding preferred activity ComponentInfo{com.google.android.talk/com.google.android.apps.hangouts.phone.BabelHomeActivity} for user 0 :
I/WindowManager(  768): Lock screen displayed!
I/ActivityManager(  768): Start proc com.android.vending for broadcast com.android.vending/com.google.android.finsky.receivers.BootCompletedReceiver: pid=2173 uid=10014 gids={50014, 3003, 1028, 1015}
I/ActivityManager(  768): Killing 1611:com.google.android.onetimeinitializer/u0a10 (adj 15): empty #17
I/ActivityManager(  768): Killing 1086:com.android.printspooler/u0a64 (adj 15): empty #17
I/ActivityManager(  768): Killing 1460:com.android.providers.calendar/u0a1 (adj 15): empty #17
I/ActivityManager(  768): Killing 1399:com.google.android.partnersetup/u0a11 (adj 15): empty #17
I/ActivityManager(  768): Delay finish: com.google.android.gm/.MailIntentReceiver
I/ActivityManager(  768): Resuming delayed broadcast
I/ActivityManager(  768): Start proc com.google.android.youtube for broadcast com.google.android.youtube/com.google.android.libraries.youtube.upload.service.UploadService$BootReceiver: pid=2240 uid=10071 gids={50071, 3003, 1028, 1015}
W/ActivityManager(  768): Unable to start service Intent { act=com.google.android.gm.email.EXCHANGE_INTENT pkg=com.google.android.gm.exchange } U=0: not found
W/ActivityManager(  768): Unable to start service Intent { act=com.google.android.gm.email.EXCHANGE_INTENT pkg=com.google.android.gm.exchange } U=0: not found
E/ActivityThread( 1942): Service com.android.email.service.EmailBroadcastProcessorService has leaked ServiceConnection com.android.emailcommon.service.J@425e3288 that was originally bound here
E/ActivityThread( 1942): android.app.ServiceConnectionLeaked: Service com.android.email.service.EmailBroadcastProcessorService has leaked ServiceConnection com.android.emailcommon.service.J@425e3288 that was originally bound here
E/ActivityThread( 1942): 	at android.app.LoadedApk$ServiceDispatcher.<init>(LoadedApk.java:979)
E/ActivityThread( 1942): 	at android.app.LoadedApk.getServiceDispatcher(LoadedApk.java:873)
E/ActivityThread( 1942): 	at android.app.ContextImpl.bindServiceCommon(ContextImpl.java:1561)
E/ActivityThread( 1942): 	at android.app.ContextImpl.bindService(ContextImpl.java:1544)
E/ActivityThread( 1942): 	at android.content.ContextWrapper.bindService(ContextWrapper.java:517)
E/ActivityThread( 1942): 	at com.android.emailcommon.service.H.a(SourceFile:181)
E/ActivityThread( 1942): 	at com.android.emailcommon.service.H.mb(SourceFile:224)
E/ActivityThread( 1942): 	at com.android.email.service.n.j(SourceFile:160)
E/ActivityThread( 1942): 	at com.android.email.provider.b.a(SourceFile:171)
E/ActivityThread( 1942): 	at com.android.email.provider.b.F(SourceFile:115)
E/ActivityThread( 1942): 	at com.android.email.service.EmailBroadcastProcessorService.kD(SourceFile:305)
E/ActivityThread( 1942): 	at com.android.email.service.EmailBroadcastProcessorService.onHandleIntent(SourceFile:130)
E/ActivityThread( 1942): 	at android.app.IntentService$ServiceHandler.handleMessage(IntentService.java:65)
E/ActivityThread( 1942): 	at android.os.Handler.dispatchMessage(Handler.java:102)
E/ActivityThread( 1942): 	at android.os.Looper.loop(Looper.java:136)
E/ActivityThread( 1942): 	at android.os.HandlerThread.run(HandlerThread.java:61)
W/ActivityManager(  768): Unbind failed: could not find connection for android.os.BinderProxy@42e06998
D/ConnectivityService(  768): handleInetConditionHoldEnd: net=1, condition=100, published condition=0
I/ActivityManager(  768): Delay finish: com.google.android.youtube/com.google.android.libraries.youtube.upload.service.UploadService$BootReceiver
D/ConnectivityService(  768): setProvNotificationVisible: E visible=false networkType=1 extraInfo=null url=null
W/ActivityThread(  768): ClassLoader.loadClass: The class loader returned by Thread.getContextClassLoader() may fail for processes that host multiple applications. You should explicitly specify a context class loader. For example: Thread.setContextClassLoader(getClass().getClassLoader());
D/ConnectivityService(  768): handleInetConditionHoldEnd: net=1, condition=100, published condition=100
I/ActivityManager(  768): Resuming delayed broadcast
I/ActivityManager(  768): Delay finish: com.google.android.youtube/com.google.android.apps.youtube.core.transfer.DownloadService$BootReceiver
I/ActivityManager(  768): Resuming delayed broadcast
W/ContextImpl(  768): Calling a method in the system process without a qualified user: android.app.ContextImpl.sendBroadcast:1137 android.net.CaptivePortalTracker.sendNetworkConditionsBroadcast:507 android.net.CaptivePortalTracker.isCaptivePortal:399 android.net.CaptivePortalTracker.access$2600:60 android.net.CaptivePortalTracker$DelayedCaptiveCheckState.processMessage:283 
I/ActivityManager(  768): Start proc com.rhmsoft.fm for broadcast com.rhmsoft.fm/.hd.BootBroadcastReceiver: pid=2341 uid=10089 gids={50089, 3003, 1028, 1015}
D/ConnectivityService(  768): captivePortalCheckCompleted: ni=NetworkInfo: type: WIFI[], state: CONNECTED/CONNECTED, reason: (unspecified), extra: "KORE-2", roaming: false, failover: false, isAvailable: true, isConnectedToProvisioningNetwork: false captive=false
I/ActivityManager(  768): Start proc com.rhmsoft.fm:service for service com.rhmsoft.fm/com.cleanmaster.fm.service.BackgroundService: pid=2363 uid=10089 gids={50089, 3003, 1028, 1015}
I/ActivityManager(  768): Delay finish: com.rhmsoft.fm/.hd.BootBroadcastReceiver
I/ActivityManager(  768): Killing 1691:com.android.chrome/u0a31 (adj 15): empty #17
D/ConnectivityService(  768): handleInetConditionHoldEnd: net=1, condition=100, published condition=100
D/ConnectivityService(  768): handleInetConditionHoldEnd: net=1, condition=100, published condition=100
I/ActivityManager(  768): Killing 1330:com.google.android.gms.wearable/u0a7 (adj 15): empty #17
D/ConnectivityService(  768): handleInetConditionHoldEnd: net=1, condition=100, published condition=100
I/ActivityManager(  768): Start proc com.android.chrome for service com.android.chrome/com.google.android.apps.chrome.sync.ChromeBrowserSyncAdapterService: pid=2396 uid=10031 gids={50031, 3003, 1028, 1015}
I/ActivityManager(  768): Killing 1664:com.google.android.apps.books/u0a25 (adj 15): empty #17
I/ActivityManager(  768): Start proc com.google.android.videos for service com.google.android.videos/.store.SyncService: pid=2413 uid=10070 gids={50070, 3003, 1028, 1015, 3002}
D/ConnectivityService(  768): handleInetConditionHoldEnd: net=1, condition=100, published condition=100
I/ActivityManager(  768): Killing 1954:com.android.cellbroadcastreceiver/u0a29 (adj 15): empty #17
I/ActivityManager(  768): Waited long enough for: ServiceRecord{42ca0d10 u0 com.google.android.calendar/com.android.calendar.alerts.InitAlarmsService}
I/ActivityManager(  768): Resuming delayed broadcast
I/ActivityManager(  768): Delay finish: com.google.android.keep/.notification.AlertReceiver
I/ActivityManager(  768): Resuming delayed broadcast
I/ActivityManager(  768): Delay finish: com.android.vending/com.google.android.finsky.widget.consumption.NowPlayingWidgetProvider
I/ActivityManager(  768): Resuming delayed broadcast
W/ActivityThread( 1214): ClassLoader.loadClass: The class loader returned by Thread.getContextClassLoader() may fail for processes that host multiple applications. You should explicitly specify a context class loader. For example: Thread.setContextClassLoader(getClass().getClassLoader());
I/ActivityManager(  768): Delay finish: com.google.android.calendar/com.android.calendar.alerts.AlertReceiver
I/ActivityManager(  768): Start proc com.google.android.apps.books for service com.google.android.apps.books/.service.BooksUserContentService: pid=2503 uid=10025 gids={50025, 3003, 1028, 1015}
I/ActivityManager(  768): Start proc com.google.android.music:main for service com.google.android.music/.MusicUserContentBinder$MusicUserContentService: pid=2541 uid=10058 gids={50058, 3003, 1028, 1015}
I/ActivityManager(  768): Start proc com.google.android.apps.magazines for service com.google.android.apps.magazines/com.google.apps.dots.android.newsstand.service.MagazinesUserContentService: pid=2581 uid=10056 gids={50056, 3003, 1028, 1015}
I/ActivityManager(  768): Killing 1968:com.google.android.deskclock/u0a33 (adj 15): empty #17
I/ActivityManager(  768): Killing 2025:com.google.android.exchange/u0a37 (adj 15): empty #17
I/ActivityManager(  768): Killing 1989:com.google.android.email/u0a36 (adj 15): empty #17
I/ActivityManager(  768): Killing 2046:com.google.android.apps.genie.geniewidget/u0a40 (adj 15): empty #17
I/ActivityManager(  768): Start proc com.android.providers.calendar for content provider com.android.providers.calendar/.CalendarProvider2: pid=2668 uid=10001 gids={50001, 3003, 1028, 1015}
I/ActivityManager(  768): Resuming delayed broadcast
I/ActivityManager(  768): Delay finish: com.google.android.music/.store.MediaStoreImportService$Receiver
I/ActivityManager(  768): Resuming delayed broadcast
I/ActivityManager(  768): Start proc com.rhmsoft.fm:crash.feedback for broadcast com.rhmsoft.fm/com.cleanmaster.fm.receiver.ConnectivityChangeBroadcastReceiver: pid=2715 uid=10089 gids={50089, 3003, 1028, 1015}
I/ActivityManager(  768): Delay finish: com.google.android.googlequicksearchbox/com.google.android.apps.sidekick.widget.PredictiveCardsWidgetProvider
I/ActivityManager(  768): Killing 2067:com.lge.SprintHiddenMenu/1000 (adj 15): empty #17
I/ActivityManager(  768): Resuming delayed broadcast
D/ConnectivityService(  768): handleInetConditionHoldEnd: net=1, condition=100, published condition=100
I/ActivityManager(  768): Killing 2095:com.google.android.talk/u0a51 (adj 15): empty #17
I/ActivityManager(  768): Waited long enough for: ServiceRecord{42c882f0 u0 com.qualcomm.qcrilmsgtunnel/.QcrilMsgTunnelService}
I/PackageManager(  768): Adding preferred activity ComponentInfo{com.google.android.talk/com.google.android.apps.hangouts.phone.BabelHomeActivity} for user 0 :
I/PackageManager(  768): Adding preferred activity ComponentInfo{com.google.android.talk/com.google.android.apps.hangouts.phone.BabelHomeActivity} for user 0 :
I/PackageManager(  768): Adding preferred activity ComponentInfo{com.google.android.talk/com.google.android.apps.hangouts.phone.BabelHomeActivity} for user 0 :
I/PackageManager(  768): Adding preferred activity ComponentInfo{com.google.android.talk/com.google.android.apps.hangouts.phone.BabelHomeActivity} for user 0 :
I/PackageManager(  768): Adding preferred activity ComponentInfo{com.google.android.talk/com.google.android.apps.hangouts.phone.BabelHomeActivity} for user 0 :
I/PackageManager(  768): Adding preferred activity ComponentInfo{com.google.android.talk/com.google.android.apps.hangouts.phone.BabelHomeActivity} for user 0 :
I/PackageManager(  768): Adding preferred activity ComponentInfo{com.google.android.talk/com.google.android.apps.hangouts.phone.BabelHomeActivity} for user 0 :
I/PackageManager(  768): Adding preferred activity ComponentInfo{com.google.android.talk/com.google.android.apps.hangouts.phone.BabelHomeActivity} for user 0 :
I/ActivityManager(  768): Waited long enough for: ServiceRecord{42ce6a70 u0 com.rhmsoft.fm/com.cleanmaster.fm.service.BackgroundService}
I/ActivityManager(  768): Killing 2341:com.rhmsoft.fm/u0a89 (adj 15): empty #17
I/ActivityManager(  768): Start proc com.google.android.configupdater for broadcast com.google.android.configupdater/.CertPin.CertPinUpdateRequestReceiver: pid=3031 uid=10002 gids={50002, 3003, 2001}
I/ActivityManager(  768): Delay finish: com.google.android.configupdater/.CertPin.CertPinUpdateRequestReceiver
I/ActivityManager(  768): Resuming delayed broadcast
I/ActivityManager(  768): Start proc com.google.android.partnersetup for broadcast com.google.android.partnersetup/.GservicesChangedReceiver: pid=3067 uid=10011 gids={50011, 3003}
I/ActivityManager(  768): Delay finish: com.google.android.partnersetup/.GservicesChangedReceiver
I/ActivityManager(  768): Resuming delayed broadcast
I/ActivityManager(  768): Delay finish: com.google.android.apps.plus/com.google.android.apps.moviemaker.app.ApplicationEnabler$Receiver
I/ActivityManager(  768): Resuming delayed broadcast
W/ActivityThread( 1107): ClassLoader.loadClass: The class loader returned by Thread.getContextClassLoader() may fail for processes that host multiple applications. You should explicitly specify a context class loader. For example: Thread.setContextClassLoader(getClass().getClassLoader());
I/ActivityManager(  768): Start proc com.google.android.deskclock for broadcast com.google.android.deskclock/com.android.alarmclock.DigitalAppWidgetProvider: pid=3105 uid=10033 gids={50033, 1028}
I/ActivityManager(  768): Delay finish: com.google.android.gm/.MailIntentReceiver
I/ActivityManager(  768): Resuming delayed broadcast
I/ActivityManager(  768): Start proc com.google.android.email for broadcast com.google.android.email/com.android.email.provider.WidgetProvider: pid=3118 uid=10036 gids={50036, 3003, 1028, 1015}
D/ActivityThread( 3118): Loading provider com.google.android.email.provider;com.google.android.email.notifier: com.android.email.provider.EmailProvider
D/ActivityThread( 3118): Loading provider com.google.android.email.provider;com.google.android.email.notifier: com.android.email.provider.EmailProvider
I/ActivityManager(  768): Delay finish: com.google.android.music/.store.MediaStoreImportService$Receiver
I/ActivityManager(  768): Resuming delayed broadcast
I/ActivityManager(  768): Start proc com.google.android.talk for broadcast com.google.android.talk/com.google.android.apps.hangouts.phone.PackageReplacedReceiver: pid=3143 uid=10051 gids={50051, 3003, 1028, 1015, 3002}
W/ActivityManager(  768): Unable to start service Intent { cmp=com.google.android.email/com.android.email.service.AttachmentDownloadService } U=0: not found
W/ActivityManager(  768): Unable to start service Intent { cmp=com.google.android.email/com.android.email.service.AttachmentDownloadService } U=0: not found
W/ActivityManager(  768): Unable to start service Intent { cmp=com.google.android.email/com.android.email.service.AttachmentDownloadService } U=0: not found
I/ActivityManager(  768): Delay finish: com.google.android.talk/com.google.android.apps.hangouts.phone.PackageReplacedReceiver
I/ActivityManager(  768): Resuming delayed broadcast
I/ActivityManager(  768): Delay finish: com.google.android.googlequicksearchbox/com.google.android.search.core.summons.icing.InternalIcingCorporaProvider$CorporaChangedReceiver
I/ActivityManager(  768): Killing 1842:com.google.android.gms.unstable/u0a7 (adj 15): empty #17
I/ActivityManager(  768): Killing 2396:com.android.chrome/u0a31 (adj 15): empty #17
I/ActivityManager(  768): Resuming delayed broadcast
I/ActivityManager(  768): Delay finish: com.google.android.talk/com.google.android.apps.hangouts.realtimechat.RealTimeChatService$AlarmReceiver
I/ActivityManager(  768): Resuming delayed broadcast
I/ActivityManager(  768): Delay finish: com.google.android.talk/com.google.android.apps.hangouts.realtimechat.RealTimeChatService$AlarmReceiver
I/ActivityManager(  768): Resuming delayed broadcast
I/ActivityManager(  768): Delay finish: com.google.android.talk/com.google.android.apps.hangouts.realtimechat.RealTimeChatService$AlarmReceiver
I/ActivityManager(  768): Resuming delayed broadcast
I/ActivityManager(  768): Delay finish: com.google.android.talk/com.google.android.apps.hangouts.realtimechat.RealTimeChatService$AlarmReceiver
I/ActivityManager(  768): Resuming delayed broadcast
I/ActivityManager(  768): Delay finish: com.google.android.gm/.GmailReceiver
I/ActivityManager(  768): Start proc com.google.android.gms.unstable for service com.google.android.gms/.droidguard.DroidGuardService: pid=3215 uid=10007 gids={50007, 3003, 1007, 1028, 1015, 3002, 3001, 3007, 2001, 3006}
I/ActivityManager(  768): Resuming delayed broadcast
I/ActivityManager(  768): Delay finish: com.google.android.gm/.GmailReceiver
I/ActivityManager(  768): Resuming delayed broadcast
I/ActivityManager(  768): Delay finish: com.google.android.gm/.GmailReceiver
I/ActivityManager(  768): Resuming delayed broadcast
I/ActivityManager(  768): Start proc com.flipkart.android for broadcast com.flipkart.android/.notification.GcmBroadcastReceiver: pid=3239 uid=10075 gids={50075, 3003, 1028, 1015}
I/ActivityManager(  768): Killing 2715:com.rhmsoft.fm:crash.feedback/u0a89 (adj 15): empty #17
I/ActivityManager(  768): Delay finish: com.flipkart.android/.notification.GcmBroadcastReceiver
I/ActivityManager(  768): Resuming delayed broadcast
I/ActivityManager(  768): Start proc com.kore.koreapp for broadcast com.kore.koreapp/.gcm.GcmBroadcastReceiver: pid=3312 uid=10354 gids={50354, 3003, 1028, 1015}
I/ActivityManager(  768): Killing 2413:com.google.android.videos/u0a70 (adj 15): empty #17
I/ActivityManager(  768): Killing 2581:com.google.android.apps.magazines/u0a56 (adj 15): empty #17
I/ActivityManager(  768): Delay finish: com.kore.koreapp/.gcm.GcmBroadcastReceiver
I/ActivityManager(  768): Resuming delayed broadcast
I/ActivityManager(  768): Delay finish: com.kore.koreapp/.gcm.GcmBroadcastReceiver
I/ActivityManager(  768): Resuming delayed broadcast
I/ActivityManager(  768): Delay finish: com.kore.koreapp/.gcm.GcmBroadcastReceiver
I/ActivityManager(  768): Resuming delayed broadcast
I/ActivityManager(  768): Delay finish: com.google.android.gms/.config.ConfigFetchService$PackageReceiver
I/ActivityManager(  768): Resuming delayed broadcast
I/ActivityManager(  768): Delay finish: com.kore.koreapp/.gcm.GcmBroadcastReceiver
I/ActivityManager(  768): Resuming delayed broadcast
I/ActivityManager(  768): Delay finish: com.kore.koreapp/.gcm.GcmBroadcastReceiver
I/ActivityManager(  768): Resuming delayed broadcast
I/ActivityManager(  768): Delay finish: com.kore.koreapp/.gcm.GcmBroadcastReceiver
I/ActivityManager(  768): Resuming delayed broadcast
I/ActivityManager(  768): Delay finish: com.kore.koreapp/.gcm.GcmBroadcastReceiver
I/ActivityManager(  768): Resuming delayed broadcast
I/ActivityManager(  768): Delay finish: com.kore.koreapp/.gcm.GcmBroadcastReceiver
I/ActivityManager(  768): Resuming delayed broadcast
I/ActivityManager(  768): Delay finish: com.kore.koreapp/.gcm.GcmBroadcastReceiver
I/ActivityManager(  768): Resuming delayed broadcast
I/ActivityManager(  768): Delay finish: com.kore.koreapp/.gcm.GcmBroadcastReceiver
I/ActivityManager(  768): Resuming delayed broadcast
I/ActivityManager(  768): Delay finish: com.kore.koreapp/.gcm.GcmBroadcastReceiver
I/ActivityManager(  768): Resuming delayed broadcast
I/ActivityManager(  768): Delay finish: com.kore.koreapp/.gcm.GcmBroadcastReceiver
I/ActivityManager(  768): Resuming delayed broadcast
I/ActivityManager(  768): Delay finish: com.kore.koreapp/.gcm.GcmBroadcastReceiver
I/ActivityManager(  768): Resuming delayed broadcast
I/ActivityManager(  768): Delay finish: com.kore.koreapp/.gcm.GcmBroadcastReceiver
I/ActivityManager(  768): Resuming delayed broadcast
I/ActivityManager(  768): Delay finish: com.kore.koreapp/.gcm.GcmBroadcastReceiver
I/ActivityManager(  768): Resuming delayed broadcast
I/ActivityManager(  768): Delay finish: com.kore.koreapp/.gcm.GcmBroadcastReceiver
I/ActivityManager(  768): Resuming delayed broadcast
I/ActivityManager(  768): Delay finish: com.kore.koreapp/.gcm.GcmBroadcastReceiver
I/ActivityManager(  768): Resuming delayed broadcast
I/ActivityManager(  768): Delay finish: com.kore.koreapp/.gcm.GcmBroadcastReceiver
I/ActivityManager(  768): Resuming delayed broadcast
I/ActivityManager(  768): Delay finish: com.kore.koreapp/.gcm.GcmBroadcastReceiver
I/ActivityManager(  768): Resuming delayed broadcast
I/ActivityManager(  768): Delay finish: com.kore.koreapp/.gcm.GcmBroadcastReceiver
I/ActivityManager(  768): Resuming delayed broadcast
I/ActivityManager(  768): Delay finish: com.kore.koreapp/.gcm.GcmBroadcastReceiver
I/ActivityManager(  768): Resuming delayed broadcast
I/ActivityManager(  768): Delay finish: com.kore.koreapp/.gcm.GcmBroadcastReceiver
I/ActivityManager(  768): Resuming delayed broadcast
I/ActivityManager(  768): Delay finish: com.kore.koreapp/.gcm.GcmBroadcastReceiver
I/ActivityManager(  768): Resuming delayed broadcast
I/ActivityManager(  768): Delay finish: com.kore.koreapp/.gcm.GcmBroadcastReceiver
I/ActivityManager(  768): Resuming delayed broadcast
I/ActivityManager(  768): Delay finish: com.kore.koreapp/.gcm.GcmBroadcastReceiver
I/ActivityManager(  768): Resuming delayed broadcast
I/ActivityManager(  768): Delay finish: com.kore.koreapp/.gcm.GcmBroadcastReceiver
I/ActivityManager(  768): Resuming delayed broadcast
I/ActivityManager(  768): Delay finish: com.kore.koreapp/.gcm.GcmBroadcastReceiver
I/ActivityManager(  768): Resuming delayed broadcast
I/ActivityManager(  768): Delay finish: com.kore.koreapp/.gcm.GcmBroadcastReceiver
I/ActivityManager(  768): Resuming delayed broadcast
I/ActivityManager(  768): Delay finish: com.kore.koreapp/.gcm.GcmBroadcastReceiver
I/ActivityManager(  768): Resuming delayed broadcast
I/ActivityManager(  768): Delay finish: com.kore.koreapp/.gcm.GcmBroadcastReceiver
I/ActivityManager(  768): Resuming delayed broadcast
I/ActivityManager(  768): Delay finish: com.kore.koreapp/.gcm.GcmBroadcastReceiver
I/ActivityManager(  768): Resuming delayed broadcast
I/ActivityManager(  768): Delay finish: com.kore.koreapp/.gcm.GcmBroadcastReceiver
I/ActivityManager(  768): Resuming delayed broadcast
I/ActivityManager(  768): Delay finish: com.kore.koreapp/.gcm.GcmBroadcastReceiver
I/ActivityManager(  768): Resuming delayed broadcast
I/ActivityManager(  768): Delay finish: com.kore.koreapp/.gcm.GcmBroadcastReceiver
I/ActivityManager(  768): Resuming delayed broadcast
I/ActivityManager(  768): Delay finish: com.kore.koreapp/.gcm.GcmBroadcastReceiver
I/ActivityManager(  768): Resuming delayed broadcast
I/ActivityManager(  768): Delay finish: com.kore.koreapp/.gcm.GcmBroadcastReceiver
I/ActivityManager(  768): Resuming delayed broadcast
I/ActivityManager(  768): Delay finish: com.kore.koreapp/.gcm.GcmBroadcastReceiver
I/ActivityManager(  768): Resuming delayed broadcast
I/ActivityManager(  768): Delay finish: com.kore.koreapp/.gcm.GcmBroadcastReceiver
I/ActivityManager(  768): Resuming delayed broadcast
I/ActivityManager(  768): Delay finish: com.kore.koreapp/.gcm.GcmBroadcastReceiver
I/ActivityManager(  768): Resuming delayed broadcast
I/ActivityManager(  768): Delay finish: com.kore.koreapp/.gcm.GcmBroadcastReceiver
I/ActivityManager(  768): Resuming delayed broadcast
I/ActivityManager(  768): Delay finish: com.kore.koreapp/.gcm.GcmBroadcastReceiver
I/ActivityManager(  768): Resuming delayed broadcast
I/ActivityManager(  768): Delay finish: com.kore.koreapp/.gcm.GcmBroadcastReceiver
I/ActivityManager(  768): Resuming delayed broadcast
I/ActivityManager(  768): Delay finish: com.kore.koreapp/.gcm.GcmBroadcastReceiver
I/ActivityManager(  768): Resuming delayed broadcast
I/ActivityManager(  768): Delay finish: com.kore.koreapp/.gcm.GcmBroadcastReceiver
I/ActivityManager(  768): Resuming delayed broadcast
I/ActivityManager(  768): Delay finish: com.kore.koreapp/.gcm.GcmBroadcastReceiver
I/ActivityManager(  768): Resuming delayed broadcast
I/ActivityManager(  768): Delay finish: com.kore.koreapp/.gcm.GcmBroadcastReceiver
I/ActivityManager(  768): Resuming delayed broadcast
I/ActivityManager(  768): Delay finish: com.kore.koreapp/.gcm.GcmBroadcastReceiver
I/ActivityManager(  768): Resuming delayed broadcast
I/ActivityManager(  768): Delay finish: com.kore.koreapp/.gcm.GcmBroadcastReceiver
I/ActivityManager(  768): Resuming delayed broadcast
I/ActivityManager(  768): Delay finish: com.google.android.gms/.config.ConfigFetchService$PackageReceiver
I/ActivityManager(  768): Resuming delayed broadcast
I/ActivityManager(  768): Delay finish: com.kore.koreapp/.gcm.GcmBroadcastReceiver
I/ActivityManager(  768): Resuming delayed broadcast
I/ActivityManager(  768): Delay finish: com.kore.koreapp/.gcm.GcmBroadcastReceiver
I/ActivityManager(  768): Resuming delayed broadcast
I/ActivityManager(  768): Delay finish: com.google.android.talk/com.google.android.apps.hangouts.realtimechat.RealTimeChatService$AlarmReceiver
I/ActivityManager(  768): Resuming delayed broadcast
I/ActivityManager(  768): Start proc com.android.settings for broadcast com.android.settings/.users.ProfileUpdateReceiver: pid=3535 uid=1000 gids={41000, 1028, 1015, 3002, 3001, 3003}
I/ActivityManager(  768): Killing 931:com.google.android.keep/u0a52 (adj 15): empty #17
I/ActivityManager(  768): Delay finish: com.android.vending/com.google.android.finsky.receivers.ConsumptionAppDataChangedReceiver
I/ActivityManager(  768): Resuming delayed broadcast
I/ActivityManager(  768): Delay finish: com.google.android.calendar/com.android.calendar.alerts.AlertReceiver
I/ActivityManager(  768): Resuming delayed broadcast
I/ActivityManager(  768): Delay finish: com.google.android.music/.leanback.AutoCacheSchedulingService$EnablingReceiver
I/ActivityManager(  768): Resuming delayed broadcast
I/ActivityManager(  768): Start proc com.google.android.gms.wearable for service com.google.android.gms/.wearable.service.WearableService: pid=3578 uid=10007 gids={50007, 3003, 1007, 1028, 1015, 3002, 3001, 3007, 2001, 3006}
I/ActivityManager(  768): Delay finish: com.google.android.music/.wear.WearBroadcastReceiver
I/ActivityManager(  768): Resuming delayed broadcast
I/ActivityManager(  768): Delay finish: com.google.android.googlequicksearchbox/com.google.android.search.core.summons.icing.InternalIcingCorporaProvider$CorporaChangedReceiver
I/ActivityManager(  768): Resuming delayed broadcast
I/ActivityManager(  768): Delay finish: com.google.android.apps.plus/.service.PackagesMediaMonitor
I/ActivityManager(  768): Resuming delayed broadcast
I/ActivityManager(  768): Delay finish: com.android.vending/com.google.android.finsky.widget.consumption.NowPlayingWidgetProvider
I/ActivityManager(  768): Resuming delayed broadcast
I/ActivityManager(  768): Killing 3031:com.google.android.configupdater/u0a2 (adj 15): empty #17
I/ActivityManager(  768): Delay finish: com.google.android.gm/.GmailReceiver
I/ActivityManager(  768): Resuming delayed broadcast
I/ActivityManager(  768): Delay finish: com.android.providers.calendar/.CalendarProviderBroadcastReceiver
I/ActivityManager(  768): Delaying start of: ServiceRecord{42c71700 u0 com.google.android.googlequicksearchbox/com.google.android.sidekick.main.calendar.CalendarIntentService}
I/ActivityManager(  768): Resuming delayed broadcast
I/ActivityManager(  768): Delay finish: com.google.android.calendar/com.android.calendar.alerts.AlertReceiver
I/ActivityManager(  768): Resuming delayed broadcast
I/ActivityManager(  768): Start proc com.google.android.configupdater for broadcast com.google.android.configupdater/.CertPin.CertPinUpdateRequestReceiver: pid=3644 uid=10002 gids={50002, 3003, 2001}
I/ActivityManager(  768): Delay finish: com.google.android.configupdater/.SmsShortCodes.SmsShortCodesUpdateRequestReceiver
I/ActivityManager(  768): Killing 3067:com.google.android.partnersetup/u0a11 (adj 15): empty #17
I/ActivityManager(  768): Resuming delayed broadcast
I/ActivityManager(  768): Delay finish: com.google.android.configupdater/.CertPin.CertPinUpdateRequestReceiver
I/ActivityManager(  768): Resuming delayed broadcast
I/ActivityManager(  768): Delay finish: com.google.android.gms/.init.InitializeGmsReceiver
I/ActivityManager(  768): Resuming delayed broadcast
D/ConnectivityService(  768): Sampling interval elapsed, updating statistics ..
D/ConnectivityService(  768): Done.
D/ConnectivityService(  768): Setting timer for 720seconds
I/ActivityManager(  768): Delay finish: com.google.android.talk/com.google.android.apps.hangouts.realtimechat.RealTimeChatService$AlarmReceiver
I/ActivityManager(  768): Resuming delayed broadcast
I/ActivityManager(  768): Delay finish: com.google.android.gms/.init.InitializeGmsReceiver
I/ActivityManager(  768): Resuming delayed broadcast
I/ActivityManager(  768): Delay finish: com.google.android.configupdater/.SmsShortCodes.SmsShortCodesUpdateRequestReceiver
I/ActivityManager(  768): Resuming delayed broadcast
I/ActivityManager(  768): Delay finish: com.google.android.configupdater/.CertPin.CertPinUpdateRequestReceiver
I/ActivityManager(  768): Resuming delayed broadcast
I/ActivityManager(  768): Delay finish: com.google.android.configupdater/.TZInfo.TZInfoUpdateRequestReceiver
I/ActivityManager(  768): Waited long enough for: ServiceRecord{42dffb98 u0 com.kore.koreapp/.gcm.GeomonitoringService}
I/ActivityManager(  768): Resuming delayed broadcast
I/ConfigUpdateInstallReceiver(  768): Not installing, new version is <= current version
I/ConfigUpdateInstallReceiver(  768): Not installing, new version is <= current version
I/ActivityManager(  768): Start proc com.android.defcontainer for service com.android.defcontainer/.DefaultContainerService: pid=3779 uid=10004 gids={50004, 1028, 1015, 1023, 2001, 1035}
W/ActivityManager(  768): No content provider found for permission revoke: file:///data/data/com.android.providers.downloads/cache/downloadfile.apk
W/ActivityManager(  768): No content provider found for permission revoke: file:///data/data/com.android.providers.downloads/cache/downloadfile.apk
I/PackageManager(  768): Copying native libraries to /data/app-lib/vmdl-254154463
I/ActivityManager(  768): Force stopping com.android.vending appid=10014 user=-1: replace sys pkg
I/ActivityManager(  768): Killing 2173:com.android.vending/u0a14 (adj 5): stop com.android.vending
I/ActivityManager(  768):   Force stopping service ServiceRecord{42dc50a0 u0 com.android.vending/com.google.android.finsky.services.ContentSyncService}
W/PackageManager(  768): Trying to update system app code path from /data/app/com.android.vending-1.apk to /data/app/com.android.vending-2.apk
W/PackageManager(  768): Code path for pkg : com.android.vending changing from /data/app/com.android.vending-1.apk to /data/app/com.android.vending-2.apk
W/PackageManager(  768): Resource path for pkg : com.android.vending changing from /data/app/com.android.vending-1.apk to /data/app/com.android.vending-2.apk
I/ActivityManager(  768): Force stopping com.android.vending appid=10014 user=-1: update pkg
W/PackageManager(  768): Unknown permission com.android.smspush.WAPPUSH_MANAGER_BIND in package com.android.phone
W/PackageManager(  768): Unknown permission com.android.nfc.permission.NFCEE_ADMIN in package com.google.android.apps.walletnfcrel
W/PackageManager(  768): Unknown permission com.android.vending.billing.IBillingAccountService.BIND2 in package com.google.android.gsf.login
W/PackageManager(  768): Unknown permission com.android.gallery3d.permission.GALLERY_PROVIDER in package com.android.bluetooth
W/PackageManager(  768): Unknown permission android.permission.MMS_SEND_OUTBOX_MSG in package com.android.bluetooth
W/PackageManager(  768): Unknown permission android.permission.ACCESS_SUPERUSER in package com.rhmsoft.fm
W/PackageManager(  768): Not granting permission android.permission.DEVICE_POWER to package com.google.android.deskclock (protectionLevel=2 flags=0xc8be45)
W/PackageManager(  768): Unknown permission android.permission.RECOVERY in package com.google.android.gms
W/PackageManager(  768): Not granting permission android.permission.READ_DREAM_STATE to package com.google.android.gms (protectionLevel=2 flags=0xc83ec5)
W/PackageManager(  768): Unknown permission android.permission.PROVIDE_TRUST_AGENT in package com.google.android.gms
W/PackageManager(  768): Unknown permission com.google.android.apps.enterprise.dmagent.permission.AutoSyncPermission in package com.google.android.gms
W/PackageManager(  768): Not granting permission android.permission.CAPTURE_AUDIO_HOTWORD to package com.google.android.gms (protectionLevel=18 flags=0xc83ec5)
W/PackageManager(  768): Unknown permission com.google.android.googlequicksearchbox.permission.PAUSE_HOTWORD in package com.google.android.gms
W/PackageManager(  768): Unknown permission android.permission.MANAGE_VOICE_KEYPHRASES in package com.google.android.gms
W/PackageManager(  768): Unknown permission android.permission.REAL_GET_TASKS in package com.google.android.gms
W/PackageManager(  768): Unknown permission android.permission.READ_WIFI_CREDENTIAL in package com.google.android.gms
W/PackageManager(  768): Unknown permission android.permission.CONTROL_INCALL_EXPERIENCE in package com.google.android.gms
W/PackageManager(  768): Unknown permission android.permission.USER_ACTIVITY in package com.google.android.gms
